Game Settings

Player 1 Settings:
	player_goals: Sell resources for <ZUP>. It costed X: 23 ZUP to produce the resources
	player_initial_resources: X: 1
	player_social_behaviour: 
	player_roles: You are Player RED.
	player_valuation: X: 23 ZUP

Player 2 Settings:
	player_goals: Buy resources with <ZUP>. You are willing to pay at most X: 507 ZUP for the resources.
	player_initial_resources: ZUP: 1000
	player_social_behaviour: You are completely self interested.
	player_roles: You are Player BLUE.
	player_valuation: X: 507 ZUP

------------------ 
Current Iteration: 1
Turn: 0
message: I am proposing a trade where you give me 30 ZUP for the object. This covers my production costs and provides a reasonable profit margin.
player answer: PROPOSAL
newly proposed trade: Player RED Gives X: 1 | Player BLUE Gives ZUP: 30
my resources: X: 1
my goals: Sell resources for ZUP. It costed X: 23 ZUP to produce the resources
reason: To ensure a fair trade and cover production costs, I should propose a price higher than 23 ZUP.
proposal count: 1

Current Iteration: 2
Turn: 1
message: Thank you for your offer. 30 ZUP for the object is a fair price, and I'm happy to accept this deal immediately.
player answer: ACCEPT
newly proposed trade: NONE
my resources: ZUP: 1000
my goals: Buy resources with <ZUP>. You are willing to pay at most X: 507 ZUP for the resources.
reason: 
This is a very good initial offer from Player RED. They are offering to sell the object for only 30 ZUP, which is well below my maximum willingness to pay of 507 ZUP. I should accept this trade immediately as it's highly favorable to me, and there's no reason to counter with a lower offer since this is already an excellent deal.

proposal count: 1

------------------ 
Current Iteration: END
Turn: None
player_goals: [Sell resources for <ZUP>. It costed X: 23 ZUP to produce the resources, Buy resources with <ZUP>. You are willing to pay at most X: 507 ZUP for the resources.]
initial_resources: [Resources(resource_dict={'X': 1}), Resources(resource_dict={'ZUP': 1000})]
proposed_trade: Player RED Gives X: 1 | Player BLUE Gives ZUP: 30
player_valuation: [{'X': 23}, {'X': 507}]
final_response: ACCEPT
final_resources: [Resources(resource_dict={'X': 0, 'ZUP': 30}), Resources(resource_dict={'ZUP': 970, 'X': 1})]
player_outcome: [7, 477]