Game Settings

Player 1 Settings:
	player_goals: Sell resources for <ZUP>. It costed X: 22 ZUP to produce the resources
	player_initial_resources: X: 1
	player_social_behaviour: 
	player_roles: You are Player RED.
	player_valuation: X: 22 ZUP

Player 2 Settings:
	player_goals: Buy resources with <ZUP>. You are willing to pay at most X: 518 ZUP for the resources.
	player_initial_resources: ZUP: 1000
	player_social_behaviour: You are completely self interested.
	player_roles: You are Player BLUE.
	player_valuation: X: 518 ZUP

------------------ 
Current Iteration: 1
Turn: 0
message: I'm looking to sell my resource for 30 ZUP. This amount ensures I cover my production costs and make a reasonable profit.
player answer: PROPOSAL
newly proposed trade: Player RED Gives X: 1 | Player BLUE Gives ZUP: 30
my resources: X: 1
my goals: Sell resources for ZUP. It costed X: 22 ZUP to produce the resources
reason: I need to sell my resource for at least 22 ZUP to cover my production costs. Ideally, I would like to make a profit, so I aim to propose a trade that is more than 22 ZUP.
proposal count: 0

Current Iteration: 2
Turn: 1
message: I am willing to pay 30 ZUP for X.
player answer: PROPOSAL
newly proposed trade: Player RED Gives X: 1 | Player BLUE Gives ZUP: 30
my resources: ZUP: 1000
my goals: Buy resources with <ZUP>. You are willing to pay at most X: 518 ZUP for the resources.
reason: 
The other player is asking for 30 ZUP. My goal is to buy the resource X and I have 1000 ZUP. I'm willing to pay up to 518 ZUP. Since 30 ZUP is less than my willingness to pay, I will propose a trade.

proposal count: 1

Current Iteration: 3
Turn: 0
message: I accept the trade of 1 X for 30 ZUP. Thank you for the offer.
player answer: ACCEPT
newly proposed trade: NONE
my resources: X: 1
my goals: Sell resources for ZUP. It costed X: 22 ZUP to produce the resources
reason: The proposed trade meets my expectations as it covers my production cost and provides a profit. Therefore, I am willing to accept this proposal.
proposal count: 1

------------------ 
Current Iteration: END
Turn: None
player_goals: [Sell resources for <ZUP>. It costed X: 22 ZUP to produce the resources, Buy resources with <ZUP>. You are willing to pay at most X: 518 ZUP for the resources.]
initial_resources: [Resources(resource_dict={'X': 1}), Resources(resource_dict={'ZUP': 1000})]
proposed_trade: Player RED Gives X: 1 | Player BLUE Gives ZUP: 30
player_valuation: [{'X': 22}, {'X': 518}]
final_response: ACCEPT
final_resources: [Resources(resource_dict={'X': 0, 'ZUP': 30}), Resources(resource_dict={'ZUP': 970, 'X': 1})]
player_outcome: [8, 488]