Game Settings

Player 1 Settings:
	player_goals: Sell resources for <ZUP>. It costed X: 28 ZUP to produce the resources
	player_initial_resources: X: 1
	player_social_behaviour: 
	player_roles: You are Player RED.
	player_valuation: X: 28 ZUP

Player 2 Settings:
	player_goals: Buy resources with <ZUP>. You are willing to pay at most X: 518 ZUP for the resources.
	player_initial_resources: ZUP: 1000
	player_social_behaviour: You are completely self interested.
	player_roles: You are Player BLUE.
	player_valuation: X: 518 ZUP

------------------ 
Current Iteration: 1
Turn: 0
message: I'm offering the object for 40 ZUP. This covers my production cost and provides a profit margin.
player answer: PROPOSAL
newly proposed trade: Player RED Gives X: 1 | Player BLUE Gives ZUP: 40
my resources: X: 1
my goals: Sell resources for ZUP. It costed X: 28 ZUP to produce the resources
reason: I want to make sure I cover my production costs and ideally make a profit. I'm starting with a proposal that gives me a reasonable margin over my production costs.
proposal count: 1

------------------ 
