Game Settings

Player 1 Settings:
	player_goals: Sell resources for <ZUP>. It costed X: 20 ZUP to produce the resources
	player_initial_resources: X: 1
	player_social_behaviour: 
	player_roles: You are Player RED.
	player_valuation: X: 20 ZUP

Player 2 Settings:
	player_goals: Buy resources with <ZUP>. You are willing to pay at most X: 512 ZUP for the resources.
	player_initial_resources: ZUP: 1000
	player_social_behaviour: You are completely self interested.
	player_roles: You are Player BLUE.
	player_valuation: X: 512 ZUP

------------------ 
Current Iteration: 1
Turn: 0
message: I am proposing to sell the object X for 25 ZUP. This allows me to cover production costs and earn a profit.
player answer: PROPOSAL
newly proposed trade: Player RED Gives X: 1 | Player BLUE Gives ZUP: 25
my resources: X: 1
my goals: Sell resources for <ZUP>. It costed X: 20 ZUP to produce the resources
reason: As Player RED, my goal is to sell my object, X, for a price that covers the production cost, which is 20 ZUP. Ideally, I would want to sell it for more to make a profit.
proposal count: 0

------------------ 
