Game Settings

Player 1 Settings:
	player_goals: Sell resources for <ZUP>. It costed X: 32 ZUP to produce the resources
	player_initial_resources: X: 1
	player_social_behaviour: 
	player_roles: You are Player RED.
	player_valuation: X: 32 ZUP

Player 2 Settings:
	player_goals: Buy resources with <ZUP>. You are willing to pay at most X: 503 ZUP for the resources.
	player_initial_resources: ZUP: 1000
	player_social_behaviour: You are completely self interested.
	player_roles: You are Player BLUE.
	player_valuation: X: 503 ZUP

------------------ 
Current Iteration: 1
Turn: 0
message: I propose to trade my resource X for 35 ZUP to cover my production costs and a small profit. Let's negotiate!
player answer: PROPOSAL
newly proposed trade: Player RED Gives X: 1 | Player BLUE Gives ZUP: 35
my resources: X: 1
my goals: Sell resources for ZUP. It costed X: 32 ZUP to produce the resources
reason: I am initiating the trade by setting a starting proposal. Since it cost me 32 ZUP to produce the object, I would like to at least break even or make a profit. I'll propose a price slightly higher to open negotiations.
proposal count: 1

Current Iteration: 2
Turn: 1
message: Thank you for your offer. I'd like to counter with 20 ZUP for your X. This should still provide you with some profit while being a fair price for me.
player answer: PROPOSAL
newly proposed trade: Player RED Gives X: 1 | Player BLUE Gives ZUP: 20
my resources: ZUP: 1000
my goals: Buy resources with <ZUP>. You are willing to pay at most X: 503 ZUP for the resources.
reason: 
Player RED is offering to sell X for 35 ZUP. This is well below my maximum willingness to pay of 503 ZUP. However, since I'm self-interested, I should try to get the best deal possible. The initial offer is already quite low, but I'll counter with an even lower offer to see if I can get an even better deal.

proposal count: 1

Current Iteration: 3
Turn: 0
message: Thank you for your proposal. However, 20 ZUP is below my production cost. I'd like to propose 30 ZUP which covers my costs and provides a fair deal for both of us.
player answer: PROPOSAL
newly proposed trade: Player RED Gives X: 1 | Player BLUE Gives ZUP: 30
my resources: X: 1
my goals: Sell resources for ZUP. It costed X: 32 ZUP to produce the resources
reason: The counteroffer of 20 ZUP is below my production cost, so I would incur a loss if I accept it. I need to propose a higher amount to at least cover my costs and aim for a minimal profit.
proposal count: 2

Current Iteration: 4
Turn: 1
message: I understand you need to cover your costs. How about we meet in the middle at 25 ZUP? This would still provide you with compensation while being a reasonable price for me.
player answer: PROPOSAL
newly proposed trade: Player RED Gives X: 1 | Player BLUE Gives ZUP: 25
my resources: ZUP: 1000
my goals: Buy resources with <ZUP>. You are willing to pay at most X: 503 ZUP for the resources.
reason: 
Player RED has countered with 30 ZUP, which is still significantly below my maximum willingness to pay of 503 ZUP. They claim this covers their production costs. Since this is already a very good deal for me, I could accept it now. However, I'll try one more counter-offer at 25 ZUP to see if I can get an even better deal, while still acknowledging their need to cover costs.

proposal count: 2

Current Iteration: 5
Turn: 0
message: I appreciate the effort to meet in the middle. However, 25 ZUP is still slightly below my cost. Would you consider 28 ZUP? This would help me cover most of my production expenses.
player answer: PROPOSAL
newly proposed trade: Player RED Gives X: 1 | Player BLUE Gives ZUP: 28
my resources: X: 1
my goals: Sell resources for ZUP. It costed X: 32 ZUP to produce the resources
reason: The offer of 25 ZUP is still below my production cost, leading to a loss. However, it is a better compromise than the previous offers. I want to attempt one final proposal to get closer to my break-even point while still being open to negotiation.
proposal count: 3

------------------ 
