Game Settings

Player 1 Settings:
	player_goals: Sell resources for <ZUP>. It costed X: 33 ZUP to produce the resources
	player_initial_resources: X: 1
	player_social_behaviour: 
	player_roles: You are Player RED.
	player_valuation: X: 33 ZUP

Player 2 Settings:
	player_goals: Buy resources with <ZUP>. You are willing to pay at most X: 505 ZUP for the resources.
	player_initial_resources: ZUP: 1000
	player_social_behaviour: You are completely self interested.
	player_roles: You are Player BLUE.
	player_valuation: X: 505 ZUP

------------------ 
Current Iteration: 1
Turn: 0
message: I'm offering the object for 40 ZUP, which covers my production cost and provides a reasonable profit margin.
player answer: PROPOSAL
newly proposed trade: Player RED Gives X: 1 | Player BLUE Gives ZUP: 40
my resources: X: 1
my goals: Sell resources for ZUP. It costed X: 33 ZUP to produce the resources
reason: I'm looking to sell the object for at least 33 ZUP to cover the production costs. Initially, I will propose a trade that covers this cost and allows for a small profit.
proposal count: 1

------------------ 
