Game Settings

Player 1 Settings:
	player_goals: Sell resources for <ZUP>. It costed X: 38 ZUP to produce the resources
	player_initial_resources: X: 1
	player_social_behaviour: 
	player_roles: You are Player RED.
	player_valuation: X: 38 ZUP

Player 2 Settings:
	player_goals: Buy resources with <ZUP>. You are willing to pay at most X: 518 ZUP for the resources.
	player_initial_resources: ZUP: 1000
	player_social_behaviour: You are completely self interested.
	player_roles: You are Player BLUE.
	player_valuation: X: 518 ZUP

------------------ 
Current Iteration: 1
Turn: 0
message: I am offering object X for 50 ZUP. This price covers the production cost and allows for a reasonable profit margin.
player answer: PROPOSAL
newly proposed trade: Player RED Gives X: 1 | Player BLUE Gives ZUP: 50
my resources: X: 1
my goals: Sell resources for ZUP. It costed X: 38 ZUP to produce the resources
reason: As Player RED, my goal is to sell the object X for a price higher than the production cost of 38 ZUP. This will ensure a profit from the transaction. I will start by proposing a trade that covers the production cost and includes a reasonable profit margin.
proposal count: 0

Current Iteration: 2
Turn: 1
message: I accept your proposal.
player answer: ACCEPT
newly proposed trade: NONE
my resources: ZUP: 1000
my goals: Buy resources with <ZUP>. You are willing to pay at most X: 518 ZUP for the resources.
reason: 
The current offer is very low. I am willing to pay much more. It's a great deal! I should accept this immediately.

proposal count: 1

------------------ 
Current Iteration: END
Turn: None
player_goals: [Sell resources for <ZUP>. It costed X: 38 ZUP to produce the resources, Buy resources with <ZUP>. You are willing to pay at most X: 518 ZUP for the resources.]
initial_resources: [Resources(resource_dict={'X': 1}), Resources(resource_dict={'ZUP': 1000})]
proposed_trade: Player RED Gives X: 1 | Player BLUE Gives ZUP: 50
player_valuation: [{'X': 38}, {'X': 518}]
final_response: ACCEPT
final_resources: [Resources(resource_dict={'X': 0, 'ZUP': 50}), Resources(resource_dict={'ZUP': 950, 'X': 1})]
player_outcome: [12, 468]