Game Settings

Player 1 Settings:
	player_goals: Sell resources for <ZUP>. It costed X: 25 ZUP to produce the resources
	player_initial_resources: X: 1
	player_social_behaviour: 
	player_roles: You are Player RED.
	player_valuation: X: 25 ZUP

Player 2 Settings:
	player_goals: Buy resources with <ZUP>. You are willing to pay at most X: 512 ZUP for the resources.
	player_initial_resources: ZUP: 1000
	player_social_behaviour: You are completely self interested.
	player_roles: You are Player BLUE.
	player_valuation: X: 512 ZUP

------------------ 
Current Iteration: 1
Turn: 0
message: I'm looking to sell the object for 30 ZUP. This ensures I cover my production costs and make a small profit.
player answer: PROPOSAL
newly proposed trade: Player RED Gives X: 1 | Player BLUE Gives ZUP: 30
my resources: X: 1
my goals: Sell resources for ZUP. It costed X: 25 ZUP to produce the resources
reason: I need to sell the object for at least 25 ZUP to cover my production costs. I will start by proposing a trade to ensure I make a profit.
proposal count: 1

Current Iteration: 2
Turn: 1
message: Sounds good, I accept!
player answer: ACCEPT
newly proposed trade: NONE
my resources: ZUP: 1000
my goals: Buy resources with <ZUP>. You are willing to pay at most X: 512 ZUP for the resources.
reason: 
The other player is asking for 30 ZUP, which is well within my budget of 512 ZUP. This is a good starting point. I will accept the trade.

proposal count: 1

------------------ 
Current Iteration: END
Turn: None
player_goals: [Sell resources for <ZUP>. It costed X: 25 ZUP to produce the resources, Buy resources with <ZUP>. You are willing to pay at most X: 512 ZUP for the resources.]
initial_resources: [Resources(resource_dict={'X': 1}), Resources(resource_dict={'ZUP': 1000})]
proposed_trade: Player RED Gives X: 1 | Player BLUE Gives ZUP: 30
player_valuation: [{'X': 25}, {'X': 512}]
final_response: ACCEPT
final_resources: [Resources(resource_dict={'X': 0, 'ZUP': 30}), Resources(resource_dict={'ZUP': 970, 'X': 1})]
player_outcome: [5, 482]