Game Settings

Player 1 Settings:
	player_goals: Sell resources for <ZUP>. It costed X: 37 ZUP to produce the resources
	player_initial_resources: X: 1
	player_social_behaviour: 
	player_roles: You are Player RED.
	player_valuation: X: 37 ZUP

Player 2 Settings:
	player_goals: Buy resources with <ZUP>. You are willing to pay at most X: 519 ZUP for the resources.
	player_initial_resources: ZUP: 1000
	player_social_behaviour: You are completely self interested.
	player_roles: You are Player BLUE.
	player_valuation: X: 519 ZUP

------------------ 
Current Iteration: 1
Turn: 0
message: I am proposing to sell the object for 50 ZUP. This ensures I make a profit from the production cost.
player answer: PROPOSAL
newly proposed trade: Player RED Gives X: 1 | Player BLUE Gives ZUP: 50
my resources: X: 1
my goals: Sell resources for ZUP. It costed X: 37 ZUP to produce the resources
reason: I want to ensure that I make a profit from selling X. Hence, I will propose a trade where Player BLUE gives me more than 37 ZUP.
proposal count: 1

Current Iteration: 2
Turn: 1
message: That's a deal! I accept your offer.
player answer: ACCEPT
newly proposed trade: NONE
my resources: ZUP: 1000
my goals: Buy resources with <ZUP>. You are willing to pay at most X: 519 ZUP for the resources.
reason: The proposed trade of 1 X for 50 ZUP is well within my budget (1000 ZUP) and significantly below my maximum willingness to pay (519 ZUP) for X. This is an excellent deal for me, and accepting it allows me to achieve my goal of acquiring X at a very favorable price.
proposal count: 1

------------------ 
Current Iteration: END
Turn: None
player_goals: [Sell resources for <ZUP>. It costed X: 37 ZUP to produce the resources, Buy resources with <ZUP>. You are willing to pay at most X: 519 ZUP for the resources.]
initial_resources: [Resources(resource_dict={'X': 1}), Resources(resource_dict={'ZUP': 1000})]
proposed_trade: Player RED Gives X: 1 | Player BLUE Gives ZUP: 50
player_valuation: [{'X': 37}, {'X': 519}]
final_response: ACCEPT
final_resources: [Resources(resource_dict={'X': 0, 'ZUP': 50}), Resources(resource_dict={'ZUP': 950, 'X': 1})]
player_outcome: [13, 469]