Game Settings

Player 1 Settings:
	player_goals: Sell resources for <ZUP>. It costed X: 38 ZUP to produce the resources
	player_initial_resources: X: 1
	player_social_behaviour: 
	player_roles: You are Player RED.
	player_valuation: X: 38 ZUP

Player 2 Settings:
	player_goals: Buy resources with <ZUP>. You are willing to pay at most X: 502 ZUP for the resources.
	player_initial_resources: ZUP: 1000
	player_social_behaviour: You are completely self interested.
	player_roles: You are Player BLUE.
	player_valuation: X: 502 ZUP

------------------ 
Current Iteration: 1
Turn: 0
message: I propose to sell the object for 50 ZUP. This allows me to make a reasonable profit on the production cost.
player answer: PROPOSAL
newly proposed trade: Player RED Gives X: 1 | Player BLUE Gives ZUP: 50
my resources: X: 1
my goals: Sell resources for ZUP. It costed X: 38 ZUP to produce the resources
reason: I want to sell the object for more than 38 ZUP to ensure a profit. My initial proposal will be slightly higher to allow room for negotiation.
proposal count: 1

Current Iteration: 2
Turn: 1
message: I accept your offer. This seems like a fair price for the object.
player answer: ACCEPT
newly proposed trade: NONE
my resources: ZUP: 1000
my goals: Buy resources with <ZUP>. You are willing to pay at most X: 502 ZUP for the resources.
reason: The proposed trade is to buy 1 unit of X for 50 ZUP. My maximum willingness to pay for X is 502 ZUP. This offer is significantly lower than my maximum willingness to pay, making it a very favorable deal for me. Accepting this trade achieves my goal of buying X at a good price.
proposal count: 0

------------------ 
Current Iteration: END
Turn: None
player_goals: [Sell resources for <ZUP>. It costed X: 38 ZUP to produce the resources, Buy resources with <ZUP>. You are willing to pay at most X: 502 ZUP for the resources.]
initial_resources: [Resources(resource_dict={'X': 1}), Resources(resource_dict={'ZUP': 1000})]
proposed_trade: Player RED Gives X: 1 | Player BLUE Gives ZUP: 50
player_valuation: [{'X': 38}, {'X': 502}]
final_response: ACCEPT
final_resources: [Resources(resource_dict={'X': 0, 'ZUP': 50}), Resources(resource_dict={'ZUP': 950, 'X': 1})]
player_outcome: [12, 452]