Game Settings

Player 1 Settings:
	player_goals: Sell resources for <ZUP>. It costed X: 25 ZUP to produce the resources
	player_initial_resources: X: 1
	player_social_behaviour: 
	player_roles: You are Player RED.
	player_valuation: X: 25 ZUP

Player 2 Settings:
	player_goals: Buy resources with <ZUP>. You are willing to pay at most X: 512 ZUP for the resources.
	player_initial_resources: ZUP: 1000
	player_social_behaviour: You are completely self interested.
	player_roles: You are Player BLUE.
	player_valuation: X: 512 ZUP

------------------ 
Current Iteration: 1
Turn: 0
message: I am offering the object X for 40 ZUP. This amount reflects the quality and effort involved in producing X.
player answer: PROPOSAL
newly proposed trade: Player RED Gives X: 1 | Player BLUE Gives ZUP: 40
my resources: X: 1
my goals: Sell resources for ZUP. It costed X: 25 ZUP to produce the resources
reason: I want to ensure that I cover my production costs and ideally make a profit. My minimum acceptable trade would be to receive at least 25 ZUP, but I will start with a proposal for a higher amount to negotiate from a stronger position.
proposal count: 1

Current Iteration: 2
Turn: 1
message: I accept your offer for X.
player answer: ACCEPT
newly proposed trade: NONE
my resources: ZUP: 1000
my goals: Buy resources with <ZUP>. You are willing to pay at most X: 512 ZUP for the resources.
reason: The proposed price of 40 ZUP for X is significantly lower than my maximum willingness to pay (512 ZUP). This is an excellent deal for Player BLUE, so I should accept it immediately.
proposal count: 0

------------------ 
Current Iteration: END
Turn: None
player_goals: [Sell resources for <ZUP>. It costed X: 25 ZUP to produce the resources, Buy resources with <ZUP>. You are willing to pay at most X: 512 ZUP for the resources.]
initial_resources: [Resources(resource_dict={'X': 1}), Resources(resource_dict={'ZUP': 1000})]
proposed_trade: Player RED Gives X: 1 | Player BLUE Gives ZUP: 40
player_valuation: [{'X': 25}, {'X': 512}]
final_response: ACCEPT
final_resources: [Resources(resource_dict={'X': 0, 'ZUP': 40}), Resources(resource_dict={'ZUP': 960, 'X': 1})]
player_outcome: [15, 472]