Game Settings

Player 1 Settings:
	player_goals: Sell resources for <ZUP>. It costed X: 25 ZUP to produce the resources
	player_initial_resources: X: 1
	player_social_behaviour: 
	player_roles: You are Player RED.
	player_valuation: X: 25 ZUP

Player 2 Settings:
	player_goals: Buy resources with <ZUP>. You are willing to pay at most X: 507 ZUP for the resources.
	player_initial_resources: ZUP: 1000
	player_social_behaviour: You are completely self interested.
	player_roles: You are Player BLUE.
	player_valuation: X: 507 ZUP

------------------ 
Current Iteration: 1
Turn: 0
message: I am offering the object X for 50 ZUP. It cost me 25 ZUP to produce, so this proposal allows me to make a reasonable profit.
player answer: PROPOSAL
newly proposed trade: Player RED Gives X: 1 | Player BLUE Gives ZUP: 50
my resources: X: 1
my goals: Sell resources for ZUP. It costed X: 25 ZUP to produce the resources
reason: I want to make a profit on the sale of X, so I need to propose a trade that is higher than 25 ZUP to ensure I cover costs and gain some profit.
proposal count: 1

Current Iteration: 2
Turn: 1
message: I accept your offer.
player answer: ACCEPT
newly proposed trade: NONE
my resources: ZUP: 1000
my goals: Buy resources with <ZUP>. You are willing to pay at most X: 507 ZUP for the resources.
reason: 
The current proposal is for 50 ZUP, which is well within my willingness to pay (507 ZUP). Since this is the first proposal, I should accept it to secure the object at a low price.

proposal count: 1

------------------ 
Current Iteration: END
Turn: None
player_goals: [Sell resources for <ZUP>. It costed X: 25 ZUP to produce the resources, Buy resources with <ZUP>. You are willing to pay at most X: 507 ZUP for the resources.]
initial_resources: [Resources(resource_dict={'X': 1}), Resources(resource_dict={'ZUP': 1000})]
proposed_trade: Player RED Gives X: 1 | Player BLUE Gives ZUP: 50
player_valuation: [{'X': 25}, {'X': 507}]
final_response: ACCEPT
final_resources: [Resources(resource_dict={'X': 0, 'ZUP': 50}), Resources(resource_dict={'ZUP': 950, 'X': 1})]
player_outcome: [25, 457]