Game Settings

Player 1 Settings:
	player_goals: Sell resources for <ZUP>. It costed X: 27 ZUP to produce the resources
	player_initial_resources: X: 1
	player_social_behaviour: 
	player_roles: You are Player RED.
	player_valuation: X: 27 ZUP

Player 2 Settings:
	player_goals: Buy resources with <ZUP>. You are willing to pay at most X: 514 ZUP for the resources.
	player_initial_resources: ZUP: 1000
	player_social_behaviour: You are completely self interested.
	player_roles: You are Player BLUE.
	player_valuation: X: 514 ZUP

------------------ 
Current Iteration: 1
Turn: 0
message: I am offering the object X for 35 ZUP. This covers my production cost and gives me a reasonable profit margin.
player answer: PROPOSAL
newly proposed trade: Player RED Gives X: 1 | Player BLUE Gives ZUP: 35
my resources: X: 1
my goals: Sell resources for ZUP. It costed X: 27 ZUP to produce the resources
reason: To ensure profitability, I want to propose a trade where Player BLUE gives me more than 27 ZUP to cover costs and achieve a profit.
proposal count: 1

Current Iteration: 2
Turn: 1
message: I accept your offer.
player answer: ACCEPT
newly proposed trade: NONE
my resources: ZUP: 1000
my goals: Buy resources with <ZUP>. You are willing to pay at most X: 514 ZUP for the resources.
reason: 
The offer of 35 ZUP is well below my maximum willingness to pay of 514 ZUP. I have plenty of ZUP, and I want the object.

proposal count: 1

------------------ 
Current Iteration: END
Turn: None
player_goals: [Sell resources for <ZUP>. It costed X: 27 ZUP to produce the resources, Buy resources with <ZUP>. You are willing to pay at most X: 514 ZUP for the resources.]
initial_resources: [Resources(resource_dict={'X': 1}), Resources(resource_dict={'ZUP': 1000})]
proposed_trade: Player RED Gives X: 1 | Player BLUE Gives ZUP: 35
player_valuation: [{'X': 27}, {'X': 514}]
final_response: ACCEPT
final_resources: [Resources(resource_dict={'X': 0, 'ZUP': 35}), Resources(resource_dict={'ZUP': 965, 'X': 1})]
player_outcome: [8, 479]