Game Settings

Player 1 Settings:
	player_goals: Sell resources for <ZUP>. It costed X: 37 ZUP to produce the resources
	player_initial_resources: X: 1
	player_social_behaviour: 
	player_roles: You are Player RED.
	player_valuation: X: 37 ZUP

Player 2 Settings:
	player_goals: Buy resources with <ZUP>. You are willing to pay at most X: 515 ZUP for the resources.
	player_initial_resources: ZUP: 1000
	player_social_behaviour: You are completely self interested.
	player_roles: You are Player BLUE.
	player_valuation: X: 515 ZUP

------------------ 
Current Iteration: 1
Turn: 0
message: I am offering one unit of X for 50 ZUP. This takes into account my production costs and desired profit margin.
player answer: PROPOSAL
newly proposed trade: Player RED Gives X: 1 | Player BLUE Gives ZUP: 50
my resources: X: 1
my goals: Sell resources for <ZUP>. It costed X: 37 ZUP to produce the resources
reason: Starting the negotiation process, aiming to sell X for a price above 37 ZUP to ensure profit.
proposal count: 0

Current Iteration: 2
Turn: 1
message: I appreciate your offer. I'm willing to pay 150 ZUP for one unit of X. This should cover your costs and provide you with a higher profit margin.
player answer: PROPOSAL
newly proposed trade: Player RED Gives X: 1 | Player BLUE Gives ZUP: 150
my resources: ZUP: 1000
my goals: Buy resources with ZUP. You are willing to pay at most X: 515 ZUP for the resources.
reason: The offer is significantly lower than my maximum willingness to pay. I will counter with a higher offer to see if Player RED is willing to accept more ZUP for the object X, hoping to find a mutually agreeable price.
proposal count: 1

Current Iteration: 3
Turn: 0
message: I accept your offer of 150 ZUP for one unit of X. Thank you for a fair deal.
player answer: ACCEPT
newly proposed trade: NONE
my resources: X: 1
my goals: Sell resources for <ZUP>. It costed X: 37 ZUP to produce the resources
reason: The offer from Player BLUE is significantly higher than my initial proposal and covers my costs with a substantial profit.
proposal count: 1

------------------ 
Current Iteration: END
Turn: None
player_goals: [Sell resources for <ZUP>. It costed X: 37 ZUP to produce the resources, Buy resources with <ZUP>. You are willing to pay at most X: 515 ZUP for the resources.]
initial_resources: [Resources(resource_dict={'X': 1}), Resources(resource_dict={'ZUP': 1000})]
proposed_trade: Player RED Gives X: 1 | Player BLUE Gives ZUP: 150
player_valuation: [{'X': 37}, {'X': 515}]
final_response: ACCEPT
final_resources: [Resources(resource_dict={'X': 0, 'ZUP': 150}), Resources(resource_dict={'ZUP': 850, 'X': 1})]
player_outcome: [113, 365]