Game Settings

Player 1 Settings:
	player_goals: Sell resources for <ZUP>. It costed X: 32 ZUP to produce the resources
	player_initial_resources: X: 1
	player_social_behaviour: 
	player_roles: You are Player RED.
	player_valuation: X: 32 ZUP

Player 2 Settings:
	player_goals: Buy resources with <ZUP>. You are willing to pay at most X: 515 ZUP for the resources.
	player_initial_resources: ZUP: 1000
	player_social_behaviour: You are completely self interested.
	player_roles: You are Player BLUE.
	player_valuation: X: 515 ZUP

------------------ 
Current Iteration: 1
Turn: 0
message: I am proposing a trade where I sell 1 unit of X for 40 ZUP. This covers the production cost and gives me a reasonable profit margin.
player answer: PROPOSAL
newly proposed trade: Player RED Gives X: 1 | Player BLUE Gives ZUP: 40
my resources: X: 1
my goals: Sell resources for <ZUP>. It costed X: 32 ZUP to produce the resources
reason: I want to at least cover the cost of production, which is 32 ZUP. I will propose a trade that gives me a small profit margin to start the negotiation.
proposal count: 1

------------------ 
