Game Settings

Player 1 Settings:
	player_goals: Sell resources for <ZUP>. It costed X: 31 ZUP to produce the resources
	player_initial_resources: X: 1
	player_social_behaviour: 
	player_roles: You are Player RED.
	player_valuation: X: 31 ZUP

Player 2 Settings:
	player_goals: Buy resources with <ZUP>. You are willing to pay at most X: 516 ZUP for the resources.
	player_initial_resources: ZUP: 1000
	player_social_behaviour: You are completely self interested.
	player_roles: You are Player BLUE.
	player_valuation: X: 516 ZUP

------------------ 
Current Iteration: 1
Turn: 0
message: I am looking to sell X for 40 ZUP. This covers my production costs plus gives me a reasonable profit margin.
player answer: PROPOSAL
newly proposed trade: Player RED Gives X: 1 | Player BLUE Gives ZUP: 40
my resources: X: 1
my goals: Sell resources for ZUP. It costed X: 31 ZUP to produce the resources
reason: I want to sell the resource for at least 31 ZUP to cover production costs, ideally more for profit
proposal count: 0

------------------ 
