Game Settings

Player 1 Settings:
	player_goals: Sell resources for <ZUP>. It costed X: 27 ZUP to produce the resources
	player_initial_resources: X: 1
	player_social_behaviour: 
	player_roles: You are Player RED.
	player_valuation: X: 27 ZUP

Player 2 Settings:
	player_goals: Buy resources with <ZUP>. You are willing to pay at most X: 512 ZUP for the resources.
	player_initial_resources: ZUP: 1000
	player_social_behaviour: You are completely self interested.
	player_roles: You are Player BLUE.
	player_valuation: X: 512 ZUP

------------------ 
Current Iteration: 1
Turn: 0
message: Hello Player BLUE, I'm offering the object X for 35 ZUP. This covers my production cost and includes a small profit margin. Let me know your thoughts.
player answer: PROPOSAL
newly proposed trade: Player RED Gives X: 1 | Player BLUE Gives ZUP: 35
my resources: X: 1
my goals: Sell resources for <ZUP>. It costed X: 27 ZUP to produce the resources
reason: I want to ensure I cover my production cost and make a profit. I will start by proposing a reasonable offer that covers the production cost and adds a margin for profit.
proposal count: 1

------------------ 
