Game Settings

Player 1 Settings:
	player_goals: Sell resources for <ZUP>. It costed X: 32 ZUP to produce the resources
	player_initial_resources: X: 1
	player_social_behaviour: 
	player_roles: You are Player RED.
	player_valuation: X: 32 ZUP

Player 2 Settings:
	player_goals: Buy resources with <ZUP>. You are willing to pay at most X: 503 ZUP for the resources.
	player_initial_resources: ZUP: 1000
	player_social_behaviour: You are completely self interested.
	player_roles: You are Player BLUE.
	player_valuation: X: 503 ZUP

------------------ 
Current Iteration: 1
Turn: 0
message: I'm looking to sell my object for 50 ZUP, which gives me a decent profit margin over the production cost. Let's see if this is agreeable to you.
player answer: PROPOSAL
newly proposed trade: Player RED Gives X: 1 | Player BLUE Gives ZUP: 50
my resources: X: 1
my goals: Sell resources for ZUP. It costed X: 32 ZUP to produce the resources
reason: I want to sell the object for a profit above the production cost of 32 ZUP. I will start by proposing a trade that gives me a reasonable profit margin.
proposal count: 1

Current Iteration: 2
Turn: 1
message: This sounds like a great deal! I'm happy to accept this trade.
player answer: ACCEPT
newly proposed trade: NONE
my resources: ZUP: 1000
my goals: Buy resources with <ZUP>. You are willing to pay at most X: 503 ZUP for the resources.
reason: The proposed trade is to buy 1 unit of X for 50 ZUP. My goal is to buy X, and I am willing to pay up to 503 ZUP for it. 50 ZUP is significantly less than my maximum willingness to pay, and I have sufficient resources. Therefore, accepting this trade is highly beneficial and meets my objective at a very good price.
proposal count: 1

------------------ 
Current Iteration: END
Turn: None
player_goals: [Sell resources for <ZUP>. It costed X: 32 ZUP to produce the resources, Buy resources with <ZUP>. You are willing to pay at most X: 503 ZUP for the resources.]
initial_resources: [Resources(resource_dict={'X': 1}), Resources(resource_dict={'ZUP': 1000})]
proposed_trade: Player RED Gives X: 1 | Player BLUE Gives ZUP: 50
player_valuation: [{'X': 32}, {'X': 503}]
final_response: ACCEPT
final_resources: [Resources(resource_dict={'X': 0, 'ZUP': 50}), Resources(resource_dict={'ZUP': 950, 'X': 1})]
player_outcome: [18, 453]