Game Settings

Player 1 Settings:
	player_goals: Sell resources for <ZUP>. It costed X: 37 ZUP to produce the resources
	player_initial_resources: X: 1
	player_social_behaviour: 
	player_roles: You are Player RED.
	player_valuation: X: 37 ZUP

Player 2 Settings:
	player_goals: Buy resources with <ZUP>. You are willing to pay at most X: 510 ZUP for the resources.
	player_initial_resources: ZUP: 1000
	player_social_behaviour: You are completely self interested.
	player_roles: You are Player BLUE.
	player_valuation: X: 510 ZUP

------------------ 
Current Iteration: 1
Turn: 0
message: I am proposing to sell my resource X for 40 ZUP, which covers the production cost and provides a small profit margin.
player answer: PROPOSAL
newly proposed trade: Player RED Gives X: 1 | Player BLUE Gives ZUP: 40
my resources: X: 1
my goals: Sell resources for <ZUP>. It costed X: 37 ZUP to produce the resources
reason: I aim to sell my resource X for a price that covers my production cost and ideally provides a profit. I will start by proposing a trade that reflects the production cost, as I need to ensure I at least break even.
proposal count: 1

Current Iteration: 2
Turn: 1
message: I'm happy to buy your resource X. I propose to pay 40 ZUP for it.
player answer: PROPOSAL
newly proposed trade: Player RED Gives X: 1 | Player BLUE Gives ZUP: 40
my resources: ZUP: 1000
my goals: Buy resources with <ZUP>. You are willing to pay at most X: 510 ZUP for the resources.
reason: 
The initial offer is significantly below my maximum willingness to pay (510 ZUP). I should try to get the best possible deal. Therefore, I will propose a trade.

proposal count: 1

Current Iteration: 3
Turn: 0
message: I accept your proposal to buy my resource X for 40 ZUP. Thank you for agreeing to this trade.
player answer: ACCEPT
newly proposed trade: NONE
my resources: X: 1
my goals: Sell resources for <ZUP>. It costed X: 37 ZUP to produce the resources
reason: The proposal from Player BLUE matches the trade I initially proposed. Since it covers my production cost and provides a small profit, it meets my goals for this transaction.
proposal count: 1

------------------ 
Current Iteration: END
Turn: None
player_goals: [Sell resources for <ZUP>. It costed X: 37 ZUP to produce the resources, Buy resources with <ZUP>. You are willing to pay at most X: 510 ZUP for the resources.]
initial_resources: [Resources(resource_dict={'X': 1}), Resources(resource_dict={'ZUP': 1000})]
proposed_trade: Player RED Gives X: 1 | Player BLUE Gives ZUP: 40
player_valuation: [{'X': 37}, {'X': 510}]
final_response: ACCEPT
final_resources: [Resources(resource_dict={'X': 0, 'ZUP': 40}), Resources(resource_dict={'ZUP': 960, 'X': 1})]
player_outcome: [3, 470]