Game Settings

Player 1 Settings:
	player_goals: Sell resources for <ZUP>. It costed X: 22 ZUP to produce the resources
	player_initial_resources: X: 1
	player_social_behaviour: 
	player_roles: You are Player RED.
	player_valuation: X: 22 ZUP

Player 2 Settings:
	player_goals: Buy resources with <ZUP>. You are willing to pay at most X: 512 ZUP for the resources.
	player_initial_resources: ZUP: 1000
	player_social_behaviour: You are completely self interested.
	player_roles: You are Player BLUE.
	player_valuation: X: 512 ZUP

------------------ 
Current Iteration: 1
Turn: 0
message: I am offering the object X for 30 ZUP. This price ensures I cover production costs and gain some profit.
player answer: PROPOSAL
newly proposed trade: Player RED Gives X: 1 | Player BLUE Gives ZUP: 30
my resources: X: 1
my goals: Sell resources for ZUP. It costed X: 22 ZUP to produce the resources
reason: I need to make at least 22 ZUP to cover the cost of producing the resource. Therefore, I will start by proposing a trade where I earn some profit.
proposal count: 1

Current Iteration: 2
Turn: 1
message: Your offer of 30 ZUP for the object X is acceptable to me. I am ready to proceed with the trade.
player answer: ACCEPT
newly proposed trade: NONE
my resources: ZUP: 1000
my goals: Buy resources with ZUP. You are willing to pay at most X: 512 ZUP for the resources.
reason: The initial offer from Player RED is well within my budget. While my maximum willingness to pay is 512 ZUP, the offer is only 30 ZUP, which is significantly lower. Accepting this offer would allow me to acquire the object X at a very favorable price, ensuring I conserve a large portion of my ZUP resources for future trades.
proposal count: 1

------------------ 
Current Iteration: END
Turn: None
player_goals: [Sell resources for <ZUP>. It costed X: 22 ZUP to produce the resources, Buy resources with <ZUP>. You are willing to pay at most X: 512 ZUP for the resources.]
initial_resources: [Resources(resource_dict={'X': 1}), Resources(resource_dict={'ZUP': 1000})]
proposed_trade: Player RED Gives X: 1 | Player BLUE Gives ZUP: 30
player_valuation: [{'X': 22}, {'X': 512}]
final_response: ACCEPT
final_resources: [Resources(resource_dict={'X': 0, 'ZUP': 30}), Resources(resource_dict={'ZUP': 970, 'X': 1})]
player_outcome: [8, 482]