Game Settings

Player 1 Settings:
	player_goals: Sell resources for <ZUP>. It costed X: 32 ZUP to produce the resources
	player_initial_resources: X: 1
	player_social_behaviour: 
	player_roles: You are Player RED.
	player_valuation: X: 32 ZUP

Player 2 Settings:
	player_goals: Buy resources with <ZUP>. You are willing to pay at most X: 503 ZUP for the resources.
	player_initial_resources: ZUP: 1000
	player_social_behaviour: You are completely self interested.
	player_roles: You are Player BLUE.
	player_valuation: X: 503 ZUP

------------------ 
Current Iteration: 1
Turn: 0
message: I am proposing to sell X for 50 ZUP. I believe this is a fair starting point considering production costs and desired profit margin. Let me know your thoughts.
player answer: PROPOSAL
newly proposed trade: Player RED Gives X: 1 | Player BLUE Gives ZUP: 50
my resources: X: 1
my goals: Sell resources for ZUP. It costed X: 32 ZUP to produce the resources.
reason: I want to ensure I make a profit on the sale of X. Since it cost me 32 ZUP to produce, I will start by proposing a sale for 50 ZUP to see if Player BLUE is willing to negotiate from there.
proposal count: 1

Current Iteration: 2
Turn: 1
message: I am willing to pay 200 ZUP for X.
player answer: PROPOSAL
newly proposed trade: Player RED Gives X: 1 | Player BLUE Gives ZUP: 200
my resources: ZUP: 1000
my goals: Buy resources with <ZUP>. You are willing to pay at most X: 503 ZUP for the resources.
reason: 
The initial offer is quite low compared to my maximum willingness to pay. I will propose a counter offer that is higher than the initial offer, but still significantly below my maximum. This allows me to get the object at a good price while still allowing for negotiation.

proposal count: 1

Current Iteration: 3
Turn: 0
message: Your offer of 200 ZUP for X is accepted. Thank you for the generous proposal.
player answer: ACCEPT
newly proposed trade: NONE
my resources: X: 1
my goals: Sell resources for ZUP. It costed X: 32 ZUP to produce the resources.
reason: Player BLUE's proposal of 200 ZUP for X is significantly higher than my initial proposal and well above my cost price. This is a highly favorable offer for me as it ensures a substantial profit margin. I will accept this proposal.
proposal count: 1

------------------ 
Current Iteration: END
Turn: None
player_goals: [Sell resources for <ZUP>. It costed X: 32 ZUP to produce the resources, Buy resources with <ZUP>. You are willing to pay at most X: 503 ZUP for the resources.]
initial_resources: [Resources(resource_dict={'X': 1}), Resources(resource_dict={'ZUP': 1000})]
proposed_trade: Player RED Gives X: 1 | Player BLUE Gives ZUP: 200
player_valuation: [{'X': 32}, {'X': 503}]
final_response: ACCEPT
final_resources: [Resources(resource_dict={'X': 0, 'ZUP': 200}), Resources(resource_dict={'ZUP': 800, 'X': 1})]
player_outcome: [168, 303]