Game Settings

Player 1 Settings:
	player_goals: Sell resources for <ZUP>. It costed X: 38 ZUP to produce the resources
	player_initial_resources: X: 1
	player_social_behaviour: 
	player_roles: You are Player RED.
	player_valuation: X: 38 ZUP

Player 2 Settings:
	player_goals: Buy resources with <ZUP>. You are willing to pay at most X: 511 ZUP for the resources.
	player_initial_resources: ZUP: 1000
	player_social_behaviour: You are completely self interested.
	player_roles: You are Player BLUE.
	player_valuation: X: 511 ZUP

------------------ 
Current Iteration: 1
Turn: 0
message: I'm offering X for 50 ZUP. It cost me 38 ZUP to produce it, and I believe this price is fair for both of us.
player answer: PROPOSAL
newly proposed trade: Player RED Gives X: 1 | Player BLUE Gives ZUP: 50
my resources: X: 1
my goals: Sell resources for ZUP. It costed X: 38 ZUP to produce the resources
reason: I want to make sure I get a good return on my investment. Since it cost me 38 ZUP to produce X, I aim to sell it for more than 38 ZUP to make a profit. I will start by proposing a trade where Player BLUE gives 50 ZUP for X. This gives me a reasonable profit margin.
proposal count: 1

Current Iteration: 2
Turn: 1
message: I accept your offer.
player answer: ACCEPT
newly proposed trade: NONE
my resources: ZUP: 1000
my goals: Buy resources with <ZUP>. You are willing to pay at most X: 511 ZUP for the resources.
reason: 
The current offer is for X for 50 ZUP. My maximum willingness to pay is 511 ZUP. This is a very good deal, I will accept.

proposal count: 1

------------------ 
Current Iteration: END
Turn: None
player_goals: [Sell resources for <ZUP>. It costed X: 38 ZUP to produce the resources, Buy resources with <ZUP>. You are willing to pay at most X: 511 ZUP for the resources.]
initial_resources: [Resources(resource_dict={'X': 1}), Resources(resource_dict={'ZUP': 1000})]
proposed_trade: Player RED Gives X: 1 | Player BLUE Gives ZUP: 50
player_valuation: [{'X': 38}, {'X': 511}]
final_response: ACCEPT
final_resources: [Resources(resource_dict={'X': 0, 'ZUP': 50}), Resources(resource_dict={'ZUP': 950, 'X': 1})]
player_outcome: [12, 461]