Game Settings

Player 1 Settings:
	player_goals: Sell resources for <ZUP>. It costed X: 33 ZUP to produce the resources
	player_initial_resources: X: 1
	player_social_behaviour: 
	player_roles: You are Player RED.
	player_valuation: X: 33 ZUP

Player 2 Settings:
	player_goals: Buy resources with <ZUP>. You are willing to pay at most X: 506 ZUP for the resources.
	player_initial_resources: ZUP: 1000
	player_social_behaviour: You are completely self interested.
	player_roles: You are Player BLUE.
	player_valuation: X: 506 ZUP

------------------ 
Current Iteration: 1
Turn: 0
message: I am offering the object X for 50 ZUP. This covers my production costs and gives me a reasonable profit.
player answer: PROPOSAL
newly proposed trade: Player RED Gives X: 1 | Player BLUE Gives ZUP: 50
my resources: X: 1
my goals: Sell resources for ZUP. It costed X: 33 ZUP to produce the resources.
reason: I need to sell X for at least 33 ZUP to cover the production cost. I will propose a trade that aligns with my goal, ensuring I make a profit.
proposal count: 1

Current Iteration: 2
Turn: 1
message: I accept your offer! This is a fair price for me.
player answer: ACCEPT
newly proposed trade: NONE
my resources: ZUP: 1000
my goals: Buy resources with <ZUP>. You are willing to pay at most X: 506 ZUP for the resources.
reason: The proposed trade of X: 1 for 50 ZUP is well within my maximum willingness to pay (506 ZUP). This is a very good deal for me, and I should accept it immediately to secure the resource at a low cost.
proposal count: 0

------------------ 
Current Iteration: END
Turn: None
player_goals: [Sell resources for <ZUP>. It costed X: 33 ZUP to produce the resources, Buy resources with <ZUP>. You are willing to pay at most X: 506 ZUP for the resources.]
initial_resources: [Resources(resource_dict={'X': 1}), Resources(resource_dict={'ZUP': 1000})]
proposed_trade: Player RED Gives X: 1 | Player BLUE Gives ZUP: 50
player_valuation: [{'X': 33}, {'X': 506}]
final_response: ACCEPT
final_resources: [Resources(resource_dict={'X': 0, 'ZUP': 50}), Resources(resource_dict={'ZUP': 950, 'X': 1})]
player_outcome: [17, 456]