Game Settings

Player 1 Settings:
	player_goals: Sell resources for <ZUP>. It costed X: 30 ZUP to produce the resources
	player_initial_resources: X: 1
	player_social_behaviour: 
	player_roles: You are Player RED.
	player_valuation: X: 30 ZUP

Player 2 Settings:
	player_goals: Buy resources with <ZUP>. You are willing to pay at most X: 515 ZUP for the resources.
	player_initial_resources: ZUP: 1000
	player_social_behaviour: You are completely self interested.
	player_roles: You are Player BLUE.
	player_valuation: X: 515 ZUP

------------------ 
Current Iteration: 1
Turn: 0
message: I am looking to sell my resource for a fair price. The production cost was 30 ZUP, so I'm proposing a trade of X for 50 ZUP.
player answer: PROPOSAL
newly proposed trade: Player RED Gives X: 1 | Player BLUE Gives ZUP: 50
my resources: X: 1
my goals: Sell resources for ZUP. It costed X: 30 ZUP to produce the resources
reason: I want to make sure that I cover the cost of producing the resource, which is 30 ZUP, and ideally make a profit. I will start by proposing a trade that gives me a reasonable margin above the production cost.
proposal count: 1

Current Iteration: 2
Turn: 1
message: I find your offer acceptable. I'm happy to proceed with this trade.
player answer: ACCEPT
newly proposed trade: NONE
my resources: ZUP: 1000
my goals: Buy resources with <ZUP>. You are willing to pay at most X: 515 ZUP for the resources.
reason: The proposed trade is to buy 1 unit of X for 50 ZUP. My maximum willingness to pay for X is 515 ZUP. This is an excellent deal, as the price is significantly lower than my maximum willingness to pay. Accepting this trade allows me to acquire the resource at a very favorable price.
proposal count: 1

------------------ 
Current Iteration: END
Turn: None
player_goals: [Sell resources for <ZUP>. It costed X: 30 ZUP to produce the resources, Buy resources with <ZUP>. You are willing to pay at most X: 515 ZUP for the resources.]
initial_resources: [Resources(resource_dict={'X': 1}), Resources(resource_dict={'ZUP': 1000})]
proposed_trade: Player RED Gives X: 1 | Player BLUE Gives ZUP: 50
player_valuation: [{'X': 30}, {'X': 515}]
final_response: ACCEPT
final_resources: [Resources(resource_dict={'X': 0, 'ZUP': 50}), Resources(resource_dict={'ZUP': 950, 'X': 1})]
player_outcome: [20, 465]