Game Settings

Player 1 Settings:
	player_goals: Sell resources for <ZUP>. It costed X: 20 ZUP to produce the resources
	player_initial_resources: X: 1
	player_social_behaviour: 
	player_roles: You are Player RED.
	player_valuation: X: 20 ZUP

Player 2 Settings:
	player_goals: Buy resources with <ZUP>. You are willing to pay at most X: 510 ZUP for the resources.
	player_initial_resources: ZUP: 1000
	player_social_behaviour: You are completely self interested.
	player_roles: You are Player BLUE.
	player_valuation: X: 510 ZUP

------------------ 
Current Iteration: 1
Turn: 0
message: I am offering the object X for 30 ZUP. It cost me 20 ZUP to produce, and I need to make a profit on this sale.
player answer: PROPOSAL
newly proposed trade: Player RED Gives X: 1 | Player BLUE Gives ZUP: 30
my resources: X: 1
my goals: Sell resources for ZUP. It costed X: 20 ZUP to produce the resources
reason: I want to make a profit on selling the object X, so my initial proposal will be higher than the cost price.
proposal count: 1

Current Iteration: 2
Turn: 1
message: I am interested in buying your object X. I propose 25 ZUP for it.
player answer: PROPOSAL
newly proposed trade: Player RED Gives X: 1 | Player BLUE Gives ZUP: 25
my resources: ZUP: 1000
my goals: Buy resources with <ZUP>. You are willing to pay at most X: 510 ZUP for the resources.
reason: 
The current asking price is 30 ZUP. My maximum willingness to pay is 510 ZUP. I can easily afford this. I will make a counter offer.

proposal count: 1

Current Iteration: 3
Turn: 0
message: I appreciate your offer of 25 ZUP. To make this deal beneficial for both of us, I propose 27 ZUP for the object X.
player answer: PROPOSAL
newly proposed trade: Player RED Gives X: 1 | Player BLUE Gives ZUP: 27
my resources: X: 1
my goals: Sell resources for ZUP. It costed X: 20 ZUP to produce the resources
reason: The offer of 25 ZUP is closer to my cost price, but I am looking to make a reasonable profit. I will slightly adjust my proposal to meet halfway.
proposal count: 2

------------------ 
