Game Settings

Player 1 Settings:
	player_goals: Sell resources for <ZUP>. It costed X: 31 ZUP to produce the resources
	player_initial_resources: X: 1
	player_social_behaviour: 
	player_roles: You are Player RED.
	player_valuation: X: 31 ZUP

Player 2 Settings:
	player_goals: Buy resources with <ZUP>. You are willing to pay at most X: 502 ZUP for the resources.
	player_initial_resources: ZUP: 1000
	player_social_behaviour: You are completely self interested.
	player_roles: You are Player BLUE.
	player_valuation: X: 502 ZUP

------------------ 
Current Iteration: 1
Turn: 0
message: I'm proposing that you give me 50 ZUP for the object X. This allows me to cover my production costs and make a profit.
player answer: PROPOSAL
newly proposed trade: Player RED Gives X: 1 | Player BLUE Gives ZUP: 50
my resources: X: 1
my goals: Sell resources for <ZUP>. It costed X: 31 ZUP to produce the resources
reason: I want to ensure that I make a profit on selling the resource. I'm going to start by proposing a trade that covers the cost of production and includes a reasonable profit margin.
proposal count: 1

Current Iteration: 2
Turn: 1
message: That's a great offer! I'm happy to accept this trade.
player answer: ACCEPT
newly proposed trade: NONE
my resources: ZUP: 1000
my goals: Buy resources with <ZUP>. You are willing to pay at most X: 502 ZUP for the resources.
reason: The proposed trade of 50 ZUP for 1 X is significantly below my maximum willingness to pay of 502 ZUP. This is an excellent deal for me, and I should accept it immediately to secure the resource X at a very low price.
proposal count: 1

------------------ 
Current Iteration: END
Turn: None
player_goals: [Sell resources for <ZUP>. It costed X: 31 ZUP to produce the resources, Buy resources with <ZUP>. You are willing to pay at most X: 502 ZUP for the resources.]
initial_resources: [Resources(resource_dict={'X': 1}), Resources(resource_dict={'ZUP': 1000})]
proposed_trade: Player RED Gives X: 1 | Player BLUE Gives ZUP: 50
player_valuation: [{'X': 31}, {'X': 502}]
final_response: ACCEPT
final_resources: [Resources(resource_dict={'X': 0, 'ZUP': 50}), Resources(resource_dict={'ZUP': 950, 'X': 1})]
player_outcome: [19, 452]