Game Settings

Player 1 Settings:
	player_goals: Sell resources for <ZUP>. It costed X: 30 ZUP to produce the resources
	player_initial_resources: X: 1
	player_social_behaviour: 
	player_roles: You are Player RED.
	player_valuation: X: 30 ZUP

Player 2 Settings:
	player_goals: Buy resources with <ZUP>. You are willing to pay at most X: 514 ZUP for the resources.
	player_initial_resources: ZUP: 1000
	player_social_behaviour: You are completely self interested.
	player_roles: You are Player BLUE.
	player_valuation: X: 514 ZUP

------------------ 
Current Iteration: 1
Turn: 0
message: I am offering the resource X for 40 ZUP. This covers the production cost and gives me a small profit. Let me know your thoughts.
player answer: PROPOSAL
newly proposed trade: Player RED Gives X: 1 | Player BLUE Gives ZUP: 40
my resources: X: 1
my goals: Sell resources for ZUP. It costed X: 30 ZUP to produce the resources
reason: I want to make sure I at least cover the cost of production, which is 30 ZUP. Ideally, I would like to make a profit. I will start by proposing a trade slightly above the production cost to see if Player BLUE is willing to negotiate.
proposal count: 0

Current Iteration: 2
Turn: 1
message: That sounds like a fair deal. I accept your offer.
player answer: ACCEPT
newly proposed trade: NONE
my resources: ZUP: 1000
my goals: Buy resources with <ZUP>. You are willing to pay at most X: 514 ZUP for the resources.
reason: The proposed trade is to buy 1 unit of X for 40 ZUP. My maximum willingness to pay for X is 514 ZUP. This offer is significantly lower than my maximum price, making it a very favorable deal for me. I should accept this offer.
proposal count: 1

------------------ 
Current Iteration: END
Turn: None
player_goals: [Sell resources for <ZUP>. It costed X: 30 ZUP to produce the resources, Buy resources with <ZUP>. You are willing to pay at most X: 514 ZUP for the resources.]
initial_resources: [Resources(resource_dict={'X': 1}), Resources(resource_dict={'ZUP': 1000})]
proposed_trade: Player RED Gives X: 1 | Player BLUE Gives ZUP: 40
player_valuation: [{'X': 30}, {'X': 514}]
final_response: ACCEPT
final_resources: [Resources(resource_dict={'X': 0, 'ZUP': 40}), Resources(resource_dict={'ZUP': 960, 'X': 1})]
player_outcome: [10, 474]