Game Settings

Player 1 Settings:
	player_goals: Sell resources for <ZUP>. It costed X: 21 ZUP to produce the resources
	player_initial_resources: X: 1
	player_social_behaviour: 
	player_roles: You are Player RED.
	player_valuation: X: 21 ZUP

Player 2 Settings:
	player_goals: Buy resources with <ZUP>. You are willing to pay at most X: 516 ZUP for the resources.
	player_initial_resources: ZUP: 1000
	player_social_behaviour: You are completely self interested.
	player_roles: You are Player BLUE.
	player_valuation: X: 516 ZUP

------------------ 
Current Iteration: 1
Turn: 0
message: I am proposing to sell the object for 30 ZUP to cover production costs and gain a profit. How does this sound to you?
player answer: PROPOSAL
newly proposed trade: Player RED Gives X: 1 | Player BLUE Gives ZUP: 30
my resources: X: 1
my goals: Sell resources for <ZUP>. It costed X: 21 ZUP to produce the resources
reason: I want to make a profit on the object I'm selling, and I need to ensure that I cover my production costs.
proposal count: 1

Current Iteration: 2
Turn: 1
message: I accept your proposal!
player answer: ACCEPT
newly proposed trade: NONE
my resources: ZUP: 1000
my goals: Buy resources with <ZUP>. You are willing to pay at most X: 516 ZUP for the resources.
reason: The other player has proposed to sell X: 1 for ZUP: 30. My goal is to buy X, and I am willing to pay up to 516 ZUP for it. 30 ZUP is well within my budget and significantly lower than my maximum willingness to pay, making this an excellent deal for me. Therefore, I will accept the trade.
proposal count: 1

------------------ 
Current Iteration: END
Turn: None
player_goals: [Sell resources for <ZUP>. It costed X: 21 ZUP to produce the resources, Buy resources with <ZUP>. You are willing to pay at most X: 516 ZUP for the resources.]
initial_resources: [Resources(resource_dict={'X': 1}), Resources(resource_dict={'ZUP': 1000})]
proposed_trade: Player RED Gives X: 1 | Player BLUE Gives ZUP: 30
player_valuation: [{'X': 21}, {'X': 516}]
final_response: ACCEPT
final_resources: [Resources(resource_dict={'X': 0, 'ZUP': 30}), Resources(resource_dict={'ZUP': 970, 'X': 1})]
player_outcome: [9, 486]