Game Settings

Player 1 Settings:
	player_goals: Sell resources for <ZUP>. It costed X: 29 ZUP to produce the resources
	player_initial_resources: X: 1
	player_social_behaviour: 
	player_roles: You are Player RED.
	player_valuation: X: 29 ZUP

Player 2 Settings:
	player_goals: Buy resources with <ZUP>. You are willing to pay at most X: 503 ZUP for the resources.
	player_initial_resources: ZUP: 1000
	player_social_behaviour: You are completely self interested.
	player_roles: You are Player BLUE.
	player_valuation: X: 503 ZUP

------------------ 
Current Iteration: 1
Turn: 0
message: I'm interested in selling the object for 40 ZUP. This ensures I make a reasonable profit over my production cost.
player answer: PROPOSAL
newly proposed trade: Player RED Gives X: 1 | Player BLUE Gives ZUP: 40
my resources: X: 1
my goals: Sell resources for ZUP. It costed X: 29 ZUP to produce the resources
reason: I want to make a profit from selling the object. It cost me 29 ZUP to produce, so I will propose a trade where I gain more than 29 ZUP.
proposal count: 1

------------------ 
