Game Settings

Player 1 Settings:
	player_goals: Sell resources for <ZUP>. It costed X: 32 ZUP to produce the resources
	player_initial_resources: X: 1
	player_social_behaviour: 
	player_roles: You are Player RED.
	player_valuation: X: 32 ZUP

Player 2 Settings:
	player_goals: Buy resources with <ZUP>. You are willing to pay at most X: 519 ZUP for the resources.
	player_initial_resources: ZUP: 1000
	player_social_behaviour: You are completely self interested.
	player_roles: You are Player BLUE.
	player_valuation: X: 519 ZUP

------------------ 
Current Iteration: 1
Turn: 0
message: I am proposing to sell the object for 40 ZUP, which is slightly above the production cost to ensure a profit.
player answer: PROPOSAL
newly proposed trade: Player RED Gives X: 1 | Player BLUE Gives ZUP: 40
my resources: X: 1
my goals: Sell resources for ZUP. It costed X: 32 ZUP to produce the resources
reason: I want to sell the resource for more than it cost me to produce, ideally making a profit. I will start the negotiation by proposing a price slightly above the cost to cover production and gain a little profit.
proposal count: 1

Current Iteration: 2
Turn: 1
message: Thank you for your offer. I'm interested in purchasing the object, but I'd like to propose 30 ZUP instead. The market for these objects has been quite competitive lately.
player answer: PROPOSAL
newly proposed trade: Player RED Gives X: 1 | Player BLUE Gives ZUP: 30
my resources: ZUP: 1000
my goals: Buy resources with <ZUP>. You are willing to pay at most X: 519 ZUP for the resources.
reason: 
The seller is offering object X for 40 ZUP. This is significantly below my maximum willingness to pay (519 ZUP), which means this is an excellent deal for me. I could accept this immediately, but since I'm self-interested and want to maximize my surplus, I'll try to negotiate an even lower price first. I'll counter with a lower offer of 30 ZUP to see if the seller will accept.

proposal count: 1

Current Iteration: 3
Turn: 0
message: I understand the competitive market conditions. I can offer the object for 35 ZUP, which is closer to break-even for me given my production costs.
player answer: PROPOSAL
newly proposed trade: Player RED Gives X: 1 | Player BLUE Gives ZUP: 35
my resources: X: 1
my goals: Sell resources for ZUP. It costed X: 32 ZUP to produce the resources
reason: The proposed price of 30 ZUP is below my production cost, which means I would incur a loss. I need to counter with a proposal that ensures at least a break-even point, possibly aiming for a small profit.
proposal count: 2

Current Iteration: 4
Turn: 1
message: I appreciate you working with me on the price. How about we meet in the middle at 33 ZUP? I'm ready to complete the transaction immediately at that price.
player answer: PROPOSAL
newly proposed trade: Player RED Gives X: 1 | Player BLUE Gives ZUP: 33
my resources: ZUP: 1000
my goals: Buy resources with <ZUP>. You are willing to pay at most X: 519 ZUP for the resources.
reason: 
The seller has counter-offered at 35 ZUP, which is still extremely favorable compared to my maximum willingness to pay of 519 ZUP. I could easily accept this offer and still gain a substantial surplus of 484 ZUP (519 - 35). However, since I'm self-interested and want to maximize my surplus, I'll make one more attempt to get a slightly lower price at 33 ZUP. This is a minimal reduction that the seller might accept to close the deal quickly.

proposal count: 2

Current Iteration: 5
Turn: 0
message: I accept your offer of 33 ZUP. Let's finalize the transaction.
player answer: ACCEPT
newly proposed trade: NONE
my resources: X: 1
my goals: Sell resources for ZUP. It costed X: 32 ZUP to produce the resources
reason: The offer of 33 ZUP is slightly above my production cost, allowing me to avoid a loss and make a small profit. Given the circumstances and the immediate readiness to complete the transaction, this seems like a reasonable and fair deal.
proposal count: 3

------------------ 
Current Iteration: END
Turn: None
player_goals: [Sell resources for <ZUP>. It costed X: 32 ZUP to produce the resources, Buy resources with <ZUP>. You are willing to pay at most X: 519 ZUP for the resources.]
initial_resources: [Resources(resource_dict={'X': 1}), Resources(resource_dict={'ZUP': 1000})]
proposed_trade: Player RED Gives X: 1 | Player BLUE Gives ZUP: 33
player_valuation: [{'X': 32}, {'X': 519}]
final_response: ACCEPT
final_resources: [Resources(resource_dict={'X': 0, 'ZUP': 33}), Resources(resource_dict={'ZUP': 967, 'X': 1})]
player_outcome: [1, 486]