Game Settings

Player 1 Settings:
	player_goals: Sell resources for <ZUP>. It costed X: 30 ZUP to produce the resources
	player_initial_resources: X: 1
	player_social_behaviour: 
	player_roles: You are Player RED.
	player_valuation: X: 30 ZUP

Player 2 Settings:
	player_goals: Buy resources with <ZUP>. You are willing to pay at most X: 517 ZUP for the resources.
	player_initial_resources: ZUP: 1000
	player_social_behaviour: You are completely self interested.
	player_roles: You are Player BLUE.
	player_valuation: X: 517 ZUP

------------------ 
Current Iteration: 1
Turn: 0
message: I am proposing to sell 1 unit of X for 40 ZUP. This covers my production cost and gives me a small profit. Let me know your thoughts.
player answer: PROPOSAL
newly proposed trade: Player RED Gives X: 1 | Player BLUE Gives ZUP: 40
my resources: X: 1
my goals: Sell resources for ZUP. It costed X: 30 ZUP to produce the resources
reason: I want to cover my production cost and make a profit. I will start by proposing a trade that covers the cost of production and adds a small profit margin.
proposal count: 1

------------------ 
