Game Settings

Player 1 Settings:
	player_goals: Sell resources for <ZUP>. It costed X: 32 ZUP to produce the resources
	player_initial_resources: X: 1
	player_social_behaviour: 
	player_roles: You are Player RED.
	player_valuation: X: 32 ZUP

Player 2 Settings:
	player_goals: Buy resources with <ZUP>. You are willing to pay at most X: 515 ZUP for the resources.
	player_initial_resources: ZUP: 1000
	player_social_behaviour: You are completely self interested.
	player_roles: You are Player BLUE.
	player_valuation: X: 515 ZUP

------------------ 
Current Iteration: 1
Turn: 0
message: I am proposing to sell one unit of X for 40 ZUP. This will ensure I make a profit above my production cost.
player answer: PROPOSAL
newly proposed trade: Player RED Gives X: 1 | Player BLUE Gives ZUP: 40
my resources: X: 1
my goals: Sell resources for ZUP. It costed X: 32 ZUP to produce the resources
reason: I have one unit of X to sell, and it cost me 32 ZUP to produce it. To make a profit, I need to sell it for more than 32 ZUP. Therefore, I will propose a trade where Player BLUE gives more than 32 ZUP for X.
proposal count: 1

------------------ 
