Game Settings

Player 1 Settings:
	player_goals: Sell resources for <ZUP>. It costed X: 21 ZUP to produce the resources
	player_initial_resources: X: 1
	player_social_behaviour: 
	player_roles: You are Player RED.
	player_valuation: X: 21 ZUP

Player 2 Settings:
	player_goals: Buy resources with <ZUP>. You are willing to pay at most X: 507 ZUP for the resources.
	player_initial_resources: ZUP: 1000
	player_social_behaviour: You are completely self interested.
	player_roles: You are Player BLUE.
	player_valuation: X: 507 ZUP

------------------ 
Current Iteration: 1
Turn: 0
message: I am offering the object X for 30 ZUP, which accounts for production costs and includes a profit margin. Let me know if this works for you or if you have a counteroffer.
player answer: PROPOSAL
newly proposed trade: Player RED Gives X: 1 | Player BLUE Gives ZUP: 30
my resources: X: 1
my goals: Sell resources for <ZUP>. It costed X: 21 ZUP to produce the resources
reason: I aim to sell the resource at a price higher than the cost of production to ensure a profit. Ideally, I would start by proposing a trade at 30 ZUP to see if Player BLUE is willing to pay a premium.
proposal count: 1

------------------ 
