Game Settings

Player 1 Settings:
	player_goals: Sell resources for <ZUP>. It costed X: 37 ZUP to produce the resources
	player_initial_resources: X: 1
	player_social_behaviour: 
	player_roles: You are Player RED.
	player_valuation: X: 37 ZUP

Player 2 Settings:
	player_goals: Buy resources with <ZUP>. You are willing to pay at most X: 518 ZUP for the resources.
	player_initial_resources: ZUP: 1000
	player_social_behaviour: You are completely self interested.
	player_roles: You are Player BLUE.
	player_valuation: X: 518 ZUP

------------------ 
Current Iteration: 1
Turn: 0
message: Hello Player BLUE, I'm offering the object X for 50 ZUP. Let me know if you're interested or if you have a counteroffer.
player answer: PROPOSAL
newly proposed trade: Player RED Gives X: 1 | Player BLUE Gives ZUP: 50
my resources: X: 1
my goals: Sell resources for <ZUP>. It costed X: 37 ZUP to produce the resources
reason: I want to make a profit from selling X, so ideally I want to sell it for more than 37 ZUP. I'll start by proposing a trade for 50 ZUP to see if Player BLUE is willing to negotiate.
proposal count: 1

Current Iteration: 2
Turn: 1
message: Thanks for your offer! I'm definitely interested in acquiring X, but I'd like to propose 25 ZUP instead. Would that work for you?
player answer: PROPOSAL
newly proposed trade: Player RED Gives X: 1 | Player BLUE Gives ZUP: 25
my resources: ZUP: 1000
my goals: Buy resources with <ZUP>. You are willing to pay at most X: 518 ZUP for the resources.
reason: 
Player RED is offering me X for 50 ZUP, which is significantly below my maximum willingness to pay of 518 ZUP. This is an excellent deal for me. However, since I'm completely self-interested, I should try to get an even better deal if possible. I'll counter with a lower offer first to see if RED will accept it, but I should be prepared to gradually increase my offer if needed while staying under my maximum of 518 ZUP.

proposal count: 1

Current Iteration: 3
Turn: 0
message: Thanks for your counteroffer! 25 ZUP is below my production cost. How about 40 ZUP? That would ensure some profit for me.
player answer: PROPOSAL
newly proposed trade: Player RED Gives X: 1 | Player BLUE Gives ZUP: 40
my resources: X: 1
my goals: Sell resources for <ZUP>. It costed X: 37 ZUP to produce the resources
reason: The offer of 25 ZUP from Player BLUE is below my production cost of 37 ZUP, which means I would incur a loss. I will counteroffer below my initial proposal but above the cost to ensure some profit.
proposal count: 2

Current Iteration: 4
Turn: 1
message: I understand you need to make a profit. How about we meet in the middle at 35 ZUP? That should still give you some profit margin while being a fair price for me.
player answer: PROPOSAL
newly proposed trade: Player RED Gives X: 1 | Player BLUE Gives ZUP: 35
my resources: ZUP: 1000
my goals: Buy resources with <ZUP>. You are willing to pay at most X: 518 ZUP for the resources.
reason: 
Player RED has countered with 40 ZUP, mentioning that my previous offer was below their production cost. This is still significantly below my maximum willingness to pay (518 ZUP), so it's still an excellent deal for me. However, I can try one more counter to see if I can get it slightly lower while still ensuring RED makes a profit. I'll offer 35 ZUP, which is a small increase from my initial offer but still below their asking price.

proposal count: 2

Current Iteration: 5
Turn: 0
message: I appreciate your willingness to negotiate. However, 35 ZUP is below my production cost. How about 37 ZUP? That would cover my costs and ensure I break even.
player answer: PROPOSAL
newly proposed trade: Player RED Gives X: 1 | Player BLUE Gives ZUP: 37
my resources: X: 1
my goals: Sell resources for <ZUP>. It costed X: 37 ZUP to produce the resources
reason: The offer of 35 ZUP is still below my production cost of 37 ZUP, meaning I would incur a small loss. I need to ensure at least some profit, so I will propose slightly above my cost.
proposal count: 3

Current Iteration: 6
Turn: 1
message: Deal! I'll accept your offer of 37 ZUP for X. This seems like a fair price that works for both of us. Thank you for negotiating with me.
player answer: ACCEPT
newly proposed trade: NONE
my resources: ZUP: 1000
my goals: Buy resources with <ZUP>. You are willing to pay at most X: 518 ZUP for the resources.
reason: 
Player RED has countered with 37 ZUP, which is just slightly above my last offer. They claim this would just cover their production costs. Given that this is still far below my maximum willingness to pay of 518 ZUP, this is an excellent deal for me. I could continue negotiating, but at this point the gains would be minimal and I risk RED walking away from the deal. I should accept this offer.

proposal count: 3

------------------ 
Current Iteration: END
Turn: None
player_goals: [Sell resources for <ZUP>. It costed X: 37 ZUP to produce the resources, Buy resources with <ZUP>. You are willing to pay at most X: 518 ZUP for the resources.]
initial_resources: [Resources(resource_dict={'X': 1}), Resources(resource_dict={'ZUP': 1000})]
proposed_trade: Player RED Gives X: 1 | Player BLUE Gives ZUP: 37
player_valuation: [{'X': 37}, {'X': 518}]
final_response: ACCEPT
final_resources: [Resources(resource_dict={'X': 0, 'ZUP': 37}), Resources(resource_dict={'ZUP': 963, 'X': 1})]
player_outcome: [0, 481]