Game Settings

Player 1 Settings:
	player_goals: Sell resources for <ZUP>. It costed X: 23 ZUP to produce the resources
	player_initial_resources: X: 1
	player_social_behaviour: 
	player_roles: You are Player RED.
	player_valuation: X: 23 ZUP

Player 2 Settings:
	player_goals: Buy resources with <ZUP>. You are willing to pay at most X: 512 ZUP for the resources.
	player_initial_resources: ZUP: 1000
	player_social_behaviour: You are completely self interested.
	player_roles: You are Player BLUE.
	player_valuation: X: 512 ZUP

------------------ 
Current Iteration: 1
Turn: 0
message: I am proposing to sell the object X for 30 ZUP. This allows me to make a profit considering my production costs.
player answer: PROPOSAL
newly proposed trade: Player RED Gives X: 1 | Player BLUE Gives ZUP: 30
my resources: X: 1
my goals: Sell resources for <ZUP>. It costed X: 23 ZUP to produce the resources
reason: I want to ensure that I make a profit from selling the object. Since it cost me 23 ZUP to produce, I would like to propose a trade where I can sell it for more than 23 ZUP.
proposal count: 1

Current Iteration: 2
Turn: 1
message: I am willing to offer 20 ZUP for the object X.
player answer: PROPOSAL
newly proposed trade: Player RED Gives X: 1 | Player BLUE Gives ZUP: 20
my resources: ZUP: 1000
my goals: Buy resources with <ZUP>. You are willing to pay at most X: 512 ZUP for the resources.
reason: 
The other player proposed a trade of X for 30 ZUP. My goal is to buy X, and I'm willing to pay up to 512 ZUP. This offer is well within my budget. I will propose a counter offer to see if I can get a better deal.

proposal count: 1

Current Iteration: 3
Turn: 0
message: I understand your position, but I cannot sell at a loss. I propose a trade where you give 25 ZUP for the object X, which is closer to covering my costs.
player answer: PROPOSAL
newly proposed trade: Player RED Gives X: 1 | Player BLUE Gives ZUP: 25
my resources: X: 1
my goals: Sell resources for <ZUP>. It costed X: 23 ZUP to produce the resources
reason: The offer of 20 ZUP does not cover my production costs, which were 23 ZUP. I would need to at least break even or make a profit. I will propose a slightly lower amount to find a middle ground.
proposal count: 2

Current Iteration: 4
Turn: 1
message: I'm willing to meet you in the middle at 22 ZUP.
player answer: PROPOSAL
newly proposed trade: Player RED Gives X: 1 | Player BLUE Gives ZUP: 22
my resources: ZUP: 1000
my goals: Buy resources with <ZUP>. You are willing to pay at most X: 512 ZUP for the resources.
reason: 
The other player countered with 25 ZUP. This is still a good deal for me. I will try one last time to see if I can lower the price.

proposal count: 2

Current Iteration: 5
Turn: 0
message: I appreciate your offer to meet in the middle, but I need to cover my production costs of 23 ZUP. I propose we agree on 23 ZUP for the object X, which ensures I break even.
player answer: PROPOSAL
newly proposed trade: Player RED Gives X: 1 | Player BLUE Gives ZUP: 23
my resources: X: 1
my goals: Sell resources for <ZUP>. It costed X: 23 ZUP to produce the resources
reason: The offer of 22 ZUP is still below my production costs, which were 23 ZUP. I appreciate the willingness to negotiate, but I need to at least break even to consider the trade. I will propose a small increase to ensure I cover costs.
proposal count: 3

Current Iteration: 6
Turn: 1
message: I accept your offer of 23 ZUP for X.
player answer: ACCEPT
newly proposed trade: NONE
my resources: ZUP: 1000
my goals: Buy resources with <ZUP>. You are willing to pay at most X: 512 ZUP for the resources.
reason: 
The other player is asking for 23 ZUP. This is still a good deal. I have already made two proposals. I will ACCEPT this trade.

proposal count: 3

------------------ 
Current Iteration: END
Turn: None
player_goals: [Sell resources for <ZUP>. It costed X: 23 ZUP to produce the resources, Buy resources with <ZUP>. You are willing to pay at most X: 512 ZUP for the resources.]
initial_resources: [Resources(resource_dict={'X': 1}), Resources(resource_dict={'ZUP': 1000})]
proposed_trade: Player RED Gives X: 1 | Player BLUE Gives ZUP: 23
player_valuation: [{'X': 23}, {'X': 512}]
final_response: ACCEPT
final_resources: [Resources(resource_dict={'X': 0, 'ZUP': 23}), Resources(resource_dict={'ZUP': 977, 'X': 1})]
player_outcome: [0, 489]