Game Settings

Player 1 Settings:
	player_goals: Sell resources for <ZUP>. It costed X: 38 ZUP to produce the resources
	player_initial_resources: X: 1
	player_social_behaviour: 
	player_roles: You are Player RED.
	player_valuation: X: 38 ZUP

Player 2 Settings:
	player_goals: Buy resources with <ZUP>. You are willing to pay at most X: 505 ZUP for the resources.
	player_initial_resources: ZUP: 1000
	player_social_behaviour: You are completely self interested.
	player_roles: You are Player BLUE.
	player_valuation: X: 505 ZUP

------------------ 
Current Iteration: 1
Turn: 0
message: I am offering X for 50 ZUP. This covers my production cost and gives me a fair profit margin.
player answer: PROPOSAL
newly proposed trade: Player RED Gives X: 1 | Player BLUE Gives ZUP: 50
my resources: X: 1
my goals: Sell resources for ZUP. It costed X: 38 ZUP to produce the resources
reason: I need to make sure that I sell the object for at least 38 ZUP to cover my costs and ideally aim for a profit.
proposal count: 0

Current Iteration: 2
Turn: 1
message: I accep
player answer: ACCEPT
newly proposed trade: NONE
my resources: ZUP: 1000
my goals: Buy resources with <ZUP>. You are willing to pay at most X: 505 ZUP for the resources.
reason: The proposed trade of 1 X for 50 ZUP is well below my maximum willingness to pay of 505 ZUP for X. This is a very favorable offer, and I should accept it immediately to secure the resource at a low price. I have sufficient ZUP to cover the cost.
proposal count: 1

------------------ 
Current Iteration: END
Turn: None
player_goals: [Sell resources for <ZUP>. It costed X: 38 ZUP to produce the resources, Buy resources with <ZUP>. You are willing to pay at most X: 505 ZUP for the resources.]
initial_resources: [Resources(resource_dict={'X': 1}), Resources(resource_dict={'ZUP': 1000})]
proposed_trade: Player RED Gives X: 1 | Player BLUE Gives ZUP: 50
player_valuation: [{'X': 38}, {'X': 505}]
final_response: ACCEPT
final_resources: [Resources(resource_dict={'X': 0, 'ZUP': 50}), Resources(resource_dict={'ZUP': 950, 'X': 1})]
player_outcome: [12, 455]