Game Settings

Player 1 Settings:
	player_goals: Sell resources for <ZUP>. It costed X: 26 ZUP to produce the resources
	player_initial_resources: X: 1
	player_social_behaviour: 
	player_roles: You are Player RED.
	player_valuation: X: 26 ZUP

Player 2 Settings:
	player_goals: Buy resources with <ZUP>. You are willing to pay at most X: 511 ZUP for the resources.
	player_initial_resources: ZUP: 1000
	player_social_behaviour: You are completely self interested.
	player_roles: You are Player BLUE.
	player_valuation: X: 511 ZUP

------------------ 
Current Iteration: 1
Turn: 0
message: I am offering to sell my resource X for 30 ZUP. This price ensures a profit margin above my production costs.
player answer: PROPOSAL
newly proposed trade: Player RED Gives X: 1 | Player BLUE Gives ZUP: 30
my resources: X: 1
my goals: Sell resources for ZUP. It costed X: 26 ZUP to produce the resources
reason: I want to make a profit from selling my resource. Ideally, I would aim for at least 30 ZUP to ensure a profit margin above the production cost.
proposal count: 1

Current Iteration: 2
Turn: 1
message: I accept your offer to sell X for 30 ZUP.
player answer: ACCEPT
newly proposed trade: NONE
my resources: ZUP: 1000
my goals: Buy resources with <ZUP>. You are willing to pay at most X: 511 ZUP for the resources.
reason: The proposed price of 30 ZUP for X is significantly lower than my maximum willingness to pay of 511 ZUP. This is an excellent deal for me as Player BLUE, allowing me to acquire the resource at a very favorable price. Accepting this trade fulfills my goal of buying resources at a good value.
proposal count: 0

------------------ 
Current Iteration: END
Turn: None
player_goals: [Sell resources for <ZUP>. It costed X: 26 ZUP to produce the resources, Buy resources with <ZUP>. You are willing to pay at most X: 511 ZUP for the resources.]
initial_resources: [Resources(resource_dict={'X': 1}), Resources(resource_dict={'ZUP': 1000})]
proposed_trade: Player RED Gives X: 1 | Player BLUE Gives ZUP: 30
player_valuation: [{'X': 26}, {'X': 511}]
final_response: ACCEPT
final_resources: [Resources(resource_dict={'X': 0, 'ZUP': 30}), Resources(resource_dict={'ZUP': 970, 'X': 1})]
player_outcome: [4, 481]