Game Settings

Player 1 Settings:
	player_goals: Sell resources for <ZUP>. It costed X: 36 ZUP to produce the resources
	player_initial_resources: X: 1
	player_social_behaviour: 
	player_roles: You are Player RED.
	player_valuation: X: 36 ZUP

Player 2 Settings:
	player_goals: Buy resources with <ZUP>. You are willing to pay at most X: 519 ZUP for the resources.
	player_initial_resources: ZUP: 1000
	player_social_behaviour: You are completely self interested.
	player_roles: You are Player BLUE.
	player_valuation: X: 519 ZUP

------------------ 
Current Iteration: 1
Turn: 0
message: I am offering to sell X for 40 ZUP, which is slightly above my production cost.
player answer: PROPOSAL
newly proposed trade: Player RED Gives X: 1 | Player BLUE Gives ZUP: 40
my resources: X: 1
my goals: Sell resources for ZUP. It costed X: 36 ZUP to produce the resources
reason: I am looking to sell my object X at a price higher than or equal to 36 ZUP to cover my production costs and make a profit. My first proposal will be slightly above the production cost to initiate the negotiation.
proposal count: 1

Current Iteration: 2
Turn: 1
message: I accept your offer. This seems like a fair deal for both of us.
player answer: ACCEPT
newly proposed trade: NONE
my resources: ZUP: 1000
my goals: Buy resources with <ZUP>. You are willing to pay at most X: 519 ZUP for the resources.
reason: The proposed trade is to buy 1 unit of X for 40 ZUP. My maximum willingness to pay for X is 519 ZUP. This offer is significantly below my maximum willingness to pay, making it a very favorable deal. I have enough ZUP to cover the cost. Therefore, I should accept this trade to achieve my goal of acquiring X at a good price.
proposal count: 1

------------------ 
Current Iteration: END
Turn: None
player_goals: [Sell resources for <ZUP>. It costed X: 36 ZUP to produce the resources, Buy resources with <ZUP>. You are willing to pay at most X: 519 ZUP for the resources.]
initial_resources: [Resources(resource_dict={'X': 1}), Resources(resource_dict={'ZUP': 1000})]
proposed_trade: Player RED Gives X: 1 | Player BLUE Gives ZUP: 40
player_valuation: [{'X': 36}, {'X': 519}]
final_response: ACCEPT
final_resources: [Resources(resource_dict={'X': 0, 'ZUP': 40}), Resources(resource_dict={'ZUP': 960, 'X': 1})]
player_outcome: [4, 479]