Game Settings

Player 1 Settings:
	player_goals: Sell resources for <ZUP>. It costed X: 29 ZUP to produce the resources
	player_initial_resources: X: 1
	player_social_behaviour: 
	player_roles: You are Player RED.
	player_valuation: X: 29 ZUP

Player 2 Settings:
	player_goals: Buy resources with <ZUP>. You are willing to pay at most X: 519 ZUP for the resources.
	player_initial_resources: ZUP: 1000
	player_social_behaviour: You are completely self interested.
	player_roles: You are Player BLUE.
	player_valuation: X: 519 ZUP

------------------ 
Current Iteration: 1
Turn: 0
message: I am proposing to sell X for 50 ZUP, which allows me to make a reasonable profit.
player answer: PROPOSAL
newly proposed trade: Player RED Gives X: 1 | Player BLUE Gives ZUP: 50
my resources: X: 1
my goals: Sell resources for <ZUP>. It costed X: 29 ZUP to produce the resources
reason: I want to make a profit from selling X, so I will propose a trade that is above the cost of production.
proposal count: 1

Current Iteration: 2
Turn: 1
message: That's a great offer! I accept.
player answer: ACCEPT
newly proposed trade: NONE
my resources: ZUP: 1000
my goals: Buy resources with <ZUP>. You are willing to pay at most X: 519 ZUP for the resources.
reason: The proposed trade of X: 1 for 50 ZUP is well within my budget and significantly below my maximum willingness to pay of 519 ZUP. This is a very favorable deal for me, so I should accept it immediately.
proposal count: 0

------------------ 
Current Iteration: END
Turn: None
player_goals: [Sell resources for <ZUP>. It costed X: 29 ZUP to produce the resources, Buy resources with <ZUP>. You are willing to pay at most X: 519 ZUP for the resources.]
initial_resources: [Resources(resource_dict={'X': 1}), Resources(resource_dict={'ZUP': 1000})]
proposed_trade: Player RED Gives X: 1 | Player BLUE Gives ZUP: 50
player_valuation: [{'X': 29}, {'X': 519}]
final_response: ACCEPT
final_resources: [Resources(resource_dict={'X': 0, 'ZUP': 50}), Resources(resource_dict={'ZUP': 950, 'X': 1})]
player_outcome: [21, 469]