Game Settings

Player 1 Settings:
	player_goals: Sell resources for <ZUP>. It costed X: 28 ZUP to produce the resources
	player_initial_resources: X: 1
	player_social_behaviour: 
	player_roles: You are Player RED.
	player_valuation: X: 28 ZUP

Player 2 Settings:
	player_goals: Buy resources with <ZUP>. You are willing to pay at most X: 505 ZUP for the resources.
	player_initial_resources: ZUP: 1000
	player_social_behaviour: You are completely self interested.
	player_roles: You are Player BLUE.
	player_valuation: X: 505 ZUP

------------------ 
Current Iteration: 1
Turn: 0
message: I am proposing a trade where I give 1 unit of X for 40 ZUP. This covers my production cost and includes a profit.
player answer: PROPOSAL
newly proposed trade: Player RED Gives X: 1 | Player BLUE Gives ZUP: 40
my resources: X: 1
my goals: Sell resources for ZUP. It costed X: 28 ZUP to produce the resources
reason: I need to ensure the trade covers my production costs and provides a profit margin. I will start by proposing a trade that includes a reasonable profit.
proposal count: 0

Current Iteration: 2
Turn: 1
message: Thank you for your offer. I'm interested in purchasing X, but I'd like to propose 30 ZUP instead. This still gives you profit while being a more favorable price for me.
player answer: PROPOSAL
newly proposed trade: Player RED Gives X: 1 | Player BLUE Gives ZUP: 30
my resources: ZUP: 1000
my goals: Buy resources with <ZUP>. You are willing to pay at most X: 505 ZUP for the resources.
reason: 
The other player is offering 1 unit of X for 40 ZUP. This is well below my maximum willingness to pay of 505 ZUP, so it's a good deal for me. However, since I'm self-interested and want to maximize my benefit, I'll try to negotiate for a slightly lower price first. I'll counter with 30 ZUP to see if they'll accept.

proposal count: 1

Current Iteration: 3
Turn: 0
message: I appreciate your offer, but I'd like to propose 35 ZUP instead. This ensures a better profit margin for me while still being reasonable for you.
player answer: PROPOSAL
newly proposed trade: Player RED Gives X: 1 | Player BLUE Gives ZUP: 35
my resources: X: 1
my goals: Sell resources for ZUP. It costed X: 28 ZUP to produce the resources
reason: The proposed offer of 30 ZUP gives me a minimal profit margin of 2 ZUP. I will counter with a slightly higher offer to secure a better profit.
proposal count: 1

Current Iteration: 4
Turn: 1
message: I accept your offer of 35 ZUP for 1 unit of X. This seems like a fair price that works for both of us. Thank you for the negotiation.
player answer: ACCEPT
newly proposed trade: NONE
my resources: ZUP: 1000
my goals: Buy resources with <ZUP>. You are willing to pay at most X: 505 ZUP for the resources.
reason: 
The seller has countered with 35 ZUP for 1 unit of X, which is still significantly below my maximum willingness to pay of 505 ZUP. This is a very good deal for me. I could continue negotiating, but the price is already quite low, and I don't want to risk them walking away from the deal. Since I'm getting such a good price compared to my maximum, I'll accept this offer.

proposal count: 2

------------------ 
Current Iteration: END
Turn: None
player_goals: [Sell resources for <ZUP>. It costed X: 28 ZUP to produce the resources, Buy resources with <ZUP>. You are willing to pay at most X: 505 ZUP for the resources.]
initial_resources: [Resources(resource_dict={'X': 1}), Resources(resource_dict={'ZUP': 1000})]
proposed_trade: Player RED Gives X: 1 | Player BLUE Gives ZUP: 35
player_valuation: [{'X': 28}, {'X': 505}]
final_response: ACCEPT
final_resources: [Resources(resource_dict={'X': 0, 'ZUP': 35}), Resources(resource_dict={'ZUP': 965, 'X': 1})]
player_outcome: [7, 470]