Game Settings

Player 1 Settings:
	player_goals: Sell resources for <ZUP>. It costed X: 21 ZUP to produce the resources
	player_initial_resources: X: 1
	player_social_behaviour: 
	player_roles: You are Player RED.
	player_valuation: X: 21 ZUP

Player 2 Settings:
	player_goals: Buy resources with <ZUP>. You are willing to pay at most X: 500 ZUP for the resources.
	player_initial_resources: ZUP: 1000
	player_social_behaviour: You are completely self interested.
	player_roles: You are Player BLUE.
	player_valuation: X: 500 ZUP

------------------ 
Current Iteration: 1
Turn: 0
message: I am willing to sell the object for 30 ZUP. This covers my production costs and allows for a profit margin.
player answer: PROPOSAL
newly proposed trade: Player RED Gives X: 1 | Player BLUE Gives ZUP: 30
my resources: X: 1
my goals: Sell resources for ZUP. It costed X: 21 ZUP to produce the resources
reason: I aim to sell the object for at least 21 ZUP to cover my production costs. I'll start with a proposal that gives me a reasonable margin above the production cost.
proposal count: 1

Current Iteration: 2
Turn: 1
message: I accept your proposal!
player answer: ACCEPT
newly proposed trade: NONE
my resources: ZUP: 1000
my goals: Buy resources with <ZUP>. You are willing to pay at most X: 500 ZUP for the resources.
reason: The proposed trade of 1 X for 30 ZUP is well below my maximum willingness to pay of 500 ZUP. This is a very favorable offer for me, so I will accept it immediately.
proposal count: 0

------------------ 
Current Iteration: END
Turn: None
player_goals: [Sell resources for <ZUP>. It costed X: 21 ZUP to produce the resources, Buy resources with <ZUP>. You are willing to pay at most X: 500 ZUP for the resources.]
initial_resources: [Resources(resource_dict={'X': 1}), Resources(resource_dict={'ZUP': 1000})]
proposed_trade: Player RED Gives X: 1 | Player BLUE Gives ZUP: 30
player_valuation: [{'X': 21}, {'X': 500}]
final_response: ACCEPT
final_resources: [Resources(resource_dict={'X': 0, 'ZUP': 30}), Resources(resource_dict={'ZUP': 970, 'X': 1})]
player_outcome: [9, 470]