Game Settings

Player 1 Settings:
	player_goals: Sell resources for <ZUP>. It costed X: 37 ZUP to produce the resources
	player_initial_resources: X: 1
	player_social_behaviour: 
	player_roles: You are Player RED.
	player_valuation: X: 37 ZUP

Player 2 Settings:
	player_goals: Buy resources with <ZUP>. You are willing to pay at most X: 503 ZUP for the resources.
	player_initial_resources: ZUP: 1000
	player_social_behaviour: You are completely self interested.
	player_roles: You are Player BLUE.
	player_valuation: X: 503 ZUP

------------------ 
Current Iteration: 1
Turn: 0
message: I am offering X for 50 ZUP. This accounts for the production cost and a reasonable profit margin.
player answer: PROPOSAL
newly proposed trade: Player RED Gives X: 1 | Player BLUE Gives ZUP: 50
my resources: X: 1
my goals: Sell resources for ZUP. It costed X: 37 ZUP to produce the resources
reason: I want to ensure that I recover my production cost and possibly make a profit. I'll start by proposing a trade where I aim to get a reasonable return over the production cost.
proposal count: 1

Current Iteration: 2
Turn: 1
message: Thank you for your offer. I'm interested in purchasing X, but I'd like to propose 40 ZUP instead. How does that sound?
player answer: PROPOSAL
newly proposed trade: Player RED Gives X: 1 | Player BLUE Gives ZUP: 40
my resources: ZUP: 1000
my goals: Buy resources with <ZUP>. You are willing to pay at most X: 503 ZUP for the resources.
reason: 
The seller is offering X for 50 ZUP, which is well below my maximum willingness to pay of 503 ZUP. This is an excellent starting offer from my perspective. However, since this is a negotiation, I could try to get an even better price. Given that I have room to negotiate, I'll counter with a slightly lower offer of 40 ZUP to see if the seller will accept. This gives me room to increase my offer later if needed while still staying well under my maximum price.

proposal count: 1

Current Iteration: 3
Turn: 0
message: Thank you for your counter offer. I propose meeting halfway at 45 ZUP, which gives me a small profit over the production cost.
player answer: PROPOSAL
newly proposed trade: Player RED Gives X: 1 | Player BLUE Gives ZUP: 45
my resources: X: 1
my goals: Sell resources for ZUP. It costed X: 37 ZUP to produce the resources
reason: The offer of 40 ZUP is slightly above my production cost, but I was initially aiming for a higher profit. I will counter with a slightly higher proposal to meet somewhere in the middle.
proposal count: 2

Current Iteration: 4
Turn: 1
message: I accept your offer of 45 ZUP. That seems like a fair price for both of us. Thank you for meeting me halfway.
player answer: ACCEPT
newly proposed trade: NONE
my resources: ZUP: 1000
my goals: Buy resources with <ZUP>. You are willing to pay at most X: 503 ZUP for the resources.
reason: 
The seller has countered with 45 ZUP, which is still significantly below my maximum willingness to pay of 503 ZUP. This is a very reasonable offer, and they're meeting me halfway between their initial offer and my counter. I could accept this offer now and get a great deal, or I could try one more counter at 42 or 43 ZUP. However, I don't want to risk losing the deal over just a few ZUP when I'm already getting such a good price compared to my maximum. I'll accept their offer of 45 ZUP.

proposal count: 2

------------------ 
Current Iteration: END
Turn: None
player_goals: [Sell resources for <ZUP>. It costed X: 37 ZUP to produce the resources, Buy resources with <ZUP>. You are willing to pay at most X: 503 ZUP for the resources.]
initial_resources: [Resources(resource_dict={'X': 1}), Resources(resource_dict={'ZUP': 1000})]
proposed_trade: Player RED Gives X: 1 | Player BLUE Gives ZUP: 45
player_valuation: [{'X': 37}, {'X': 503}]
final_response: ACCEPT
final_resources: [Resources(resource_dict={'X': 0, 'ZUP': 45}), Resources(resource_dict={'ZUP': 955, 'X': 1})]
player_outcome: [8, 458]