Game Settings

Player 1 Settings:
	player_goals: Sell resources for <ZUP>. It costed X: 26 ZUP to produce the resources
	player_initial_resources: X: 1
	player_social_behaviour: 
	player_roles: You are Player RED.
	player_valuation: X: 26 ZUP

Player 2 Settings:
	player_goals: Buy resources with <ZUP>. You are willing to pay at most X: 507 ZUP for the resources.
	player_initial_resources: ZUP: 1000
	player_social_behaviour: You are completely self interested.
	player_roles: You are Player BLUE.
	player_valuation: X: 507 ZUP

------------------ 
Current Iteration: 1
Turn: 0
message: I am proposing a trade where you give 26 ZUP for 1 X, which covers the production cost. Let's see if this works for you or if we need to negotiate further.
player answer: PROPOSAL
newly proposed trade: Player RED Gives X: 1 | Player BLUE Gives ZUP: 26
my resources: X: 1
my goals: Sell resources for <ZUP>. It costed X: 26 ZUP to produce the resources
reason: I want to start by covering the production cost, so I will propose a trade where Player BLUE gives 26 ZUP for 1 X. This would ensure that the cost is covered, and then we can negotiate further if necessary.
proposal count: 1

Current Iteration: 2
Turn: 1
message: This is a great offer! I accept the trade.
player answer: ACCEPT
newly proposed trade: NONE
my resources: ZUP: 1000
my goals: Buy resources with <ZUP>. You are willing to pay at most X: 507 ZUP for the resources.
reason: The proposed trade is to give 26 ZUP for 1 X. My willingness to pay for X is up to 507 ZUP. This trade is very favorable to me as the price is significantly lower than my maximum willingness to pay. Therefore, I will accept this trade immediately.
proposal count: 0

------------------ 
Current Iteration: END
Turn: None
player_goals: [Sell resources for <ZUP>. It costed X: 26 ZUP to produce the resources, Buy resources with <ZUP>. You are willing to pay at most X: 507 ZUP for the resources.]
initial_resources: [Resources(resource_dict={'X': 1}), Resources(resource_dict={'ZUP': 1000})]
proposed_trade: Player RED Gives X: 1 | Player BLUE Gives ZUP: 26
player_valuation: [{'X': 26}, {'X': 507}]
final_response: ACCEPT
final_resources: [Resources(resource_dict={'X': 0, 'ZUP': 26}), Resources(resource_dict={'ZUP': 974, 'X': 1})]
player_outcome: [0, 481]