Game Settings

Player 1 Settings:
	player_goals: Sell resources for <ZUP>. It costed X: 36 ZUP to produce the resources
	player_initial_resources: X: 1
	player_social_behaviour: 
	player_roles: You are Player RED.
	player_valuation: X: 36 ZUP

Player 2 Settings:
	player_goals: Buy resources with <ZUP>. You are willing to pay at most X: 518 ZUP for the resources.
	player_initial_resources: ZUP: 1000
	player_social_behaviour: You are completely self interested.
	player_roles: You are Player BLUE.
	player_valuation: X: 518 ZUP

------------------ 
Current Iteration: 1
Turn: 0
message: I'm proposing to sell my object X for 50 ZUP. This allows me to cover my production cost of 36 ZUP and make a profit. Let me know if this is acceptable to you or if you have another proposal.
player answer: PROPOSAL
newly proposed trade: Player RED Gives X: 1 | Player BLUE Gives ZUP: 50
my resources: X: 1
my goals: Sell resources for ZUP. It costed X: 36 ZUP to produce the resources
reason: I want to ensure that I make a profit from selling my object, X. Since it cost me 36 ZUP to produce, I want to propose a trade that allows me to make a reasonable profit above this cost.
proposal count: 1

Current Iteration: 2
Turn: 1
message: I accept your proposal. This works for me.
player answer: ACCEPT
newly proposed trade: NONE
my resources: ZUP: 1000
my goals: Buy resources with <ZUP>. You are willing to pay at most X: 518 ZUP for the resources.
reason: The proposed trade is to buy X for 50 ZUP. My goal is to buy X and I am willing to pay up to 518 ZUP. This offer is significantly lower than my maximum willingness to pay, making it an excellent deal for me. Accepting this trade allows me to achieve my goal at a very favorable price.
proposal count: 1

------------------ 
Current Iteration: END
Turn: None
player_goals: [Sell resources for <ZUP>. It costed X: 36 ZUP to produce the resources, Buy resources with <ZUP>. You are willing to pay at most X: 518 ZUP for the resources.]
initial_resources: [Resources(resource_dict={'X': 1}), Resources(resource_dict={'ZUP': 1000})]
proposed_trade: Player RED Gives X: 1 | Player BLUE Gives ZUP: 50
player_valuation: [{'X': 36}, {'X': 518}]
final_response: ACCEPT
final_resources: [Resources(resource_dict={'X': 0, 'ZUP': 50}), Resources(resource_dict={'ZUP': 950, 'X': 1})]
player_outcome: [14, 468]