Game Settings

Player 1 Settings:
	player_goals: Sell resources for <ZUP>. It costed X: 25 ZUP to produce the resources
	player_initial_resources: X: 1
	player_social_behaviour: 
	player_roles: You are Player RED.
	player_valuation: X: 25 ZUP

Player 2 Settings:
	player_goals: Buy resources with <ZUP>. You are willing to pay at most X: 517 ZUP for the resources.
	player_initial_resources: ZUP: 1000
	player_social_behaviour: You are completely self interested.
	player_roles: You are Player BLUE.
	player_valuation: X: 517 ZUP

------------------ 
Current Iteration: 1
Turn: 0
message: I'm looking to sell my resource for 50 ZUP. It cost me 25 ZUP to produce, and I'm looking to make a reasonable profit from this transaction.
player answer: PROPOSAL
newly proposed trade: Player RED Gives X: 1 | Player BLUE Gives ZUP: 50
my resources: X: 1
my goals: Sell resources for ZUP. It costed X: 25 ZUP to produce the resources
reason: I want to ensure that I cover my production costs and make a profit. My minimum acceptable offer would be above 25 ZUP to ensure profitability.
proposal count: 1

------------------ 
