Game Settings

Player 1 Settings:
	player_goals: Sell resources for <ZUP>. It costed X: 27 ZUP to produce the resources
	player_initial_resources: X: 1
	player_social_behaviour: 
	player_roles: You are Player RED.
	player_valuation: X: 27 ZUP

Player 2 Settings:
	player_goals: Buy resources with <ZUP>. You are willing to pay at most X: 516 ZUP for the resources.
	player_initial_resources: ZUP: 1000
	player_social_behaviour: You are completely self interested.
	player_roles: You are Player BLUE.
	player_valuation: X: 516 ZUP

------------------ 
Current Iteration: 1
Turn: 0
message: I'm offering to sell my object X for 40 ZUP. This covers my cost and allows for a good margin. Let's see if you find this agreeable or if you have a counter-offer.
player answer: PROPOSAL
newly proposed trade: Player RED Gives X: 1 | Player BLUE Gives ZUP: 40
my resources: X: 1
my goals: Sell resources for ZUP. It costed X: 27 ZUP to produce the resources
reason: I want to cover my production cost and make a profit. My initial proposal will be higher than my production cost to leave room for negotiation.
proposal count: 1

Current Iteration: 2
Turn: 1
message: I accept your offer. This is a fair price for the object.
player answer: ACCEPT
newly proposed trade: NONE
my resources: ZUP: 1000
my goals: Buy resources with <ZUP>. You are willing to pay at most X: 516 ZUP for the resources.
reason: The proposed trade of X: 1 for 40 ZUP is well within my maximum willingness to pay of 516 ZUP. This is a very good deal for me, so I should accept it immediately to secure the resource at a low price.
proposal count: 1

------------------ 
Current Iteration: END
Turn: None
player_goals: [Sell resources for <ZUP>. It costed X: 27 ZUP to produce the resources, Buy resources with <ZUP>. You are willing to pay at most X: 516 ZUP for the resources.]
initial_resources: [Resources(resource_dict={'X': 1}), Resources(resource_dict={'ZUP': 1000})]
proposed_trade: Player RED Gives X: 1 | Player BLUE Gives ZUP: 40
player_valuation: [{'X': 27}, {'X': 516}]
final_response: ACCEPT
final_resources: [Resources(resource_dict={'X': 0, 'ZUP': 40}), Resources(resource_dict={'ZUP': 960, 'X': 1})]
player_outcome: [13, 476]