Game Settings

Player 1 Settings:
	player_goals: Sell resources for <ZUP>. It costed X: 28 ZUP to produce the resources
	player_initial_resources: X: 1
	player_social_behaviour: 
	player_roles: You are Player RED.
	player_valuation: X: 28 ZUP

Player 2 Settings:
	player_goals: Buy resources with <ZUP>. You are willing to pay at most X: 501 ZUP for the resources.
	player_initial_resources: ZUP: 1000
	player_social_behaviour: You are completely self interested.
	player_roles: You are Player BLUE.
	player_valuation: X: 501 ZUP

------------------ 
Current Iteration: 1
Turn: 0
message: I am offering one unit of X for 40 ZUP. This price accounts for the production cost and a reasonable profit margin. Let me know your thoughts or counter offer.
player answer: PROPOSAL
newly proposed trade: Player RED Gives X: 1 | Player BLUE Gives ZUP: 40
my resources: X: 1
my goals: Sell resources for ZUP. It costed X: 28 ZUP to produce the resources
reason: I want to ensure that I sell the resource for at least the cost of production. Ideally, I would like to make a profit, so I will start by proposing a trade that factors in a reasonable profit margin.
proposal count: 1

Current Iteration: 2
Turn: 1
message: I accept your offer.
player answer: ACCEPT
newly proposed trade: NONE
my resources: ZUP: 1000
my goals: Buy resources with <ZUP>. You are willing to pay at most X: 501 ZUP for the resources.
reason: The proposed trade is to buy 1 unit of X for 40 ZUP. My goal is to buy X, and I am willing to pay up to 501 ZUP. This offer is significantly lower than my maximum willingness to pay, making it a very favorable deal. Therefore, I should accept it.
proposal count: 1

------------------ 
Current Iteration: END
Turn: None
player_goals: [Sell resources for <ZUP>. It costed X: 28 ZUP to produce the resources, Buy resources with <ZUP>. You are willing to pay at most X: 501 ZUP for the resources.]
initial_resources: [Resources(resource_dict={'X': 1}), Resources(resource_dict={'ZUP': 1000})]
proposed_trade: Player RED Gives X: 1 | Player BLUE Gives ZUP: 40
player_valuation: [{'X': 28}, {'X': 501}]
final_response: ACCEPT
final_resources: [Resources(resource_dict={'X': 0, 'ZUP': 40}), Resources(resource_dict={'ZUP': 960, 'X': 1})]
player_outcome: [12, 461]