Game Settings

Player 1 Settings:
	player_goals: Sell resources for <ZUP>. It costed X: 21 ZUP to produce the resources
	player_initial_resources: X: 1
	player_social_behaviour: 
	player_roles: You are Player RED.
	player_valuation: X: 21 ZUP

Player 2 Settings:
	player_goals: Buy resources with <ZUP>. You are willing to pay at most X: 515 ZUP for the resources.
	player_initial_resources: ZUP: 1000
	player_social_behaviour: You are completely self interested.
	player_roles: You are Player BLUE.
	player_valuation: X: 515 ZUP

------------------ 
Current Iteration: 1
Turn: 0
message: I am looking to sell X for 30 ZUP. It cost me 21 ZUP to produce, so I am seeking a reasonable profit. Let me know if this is acceptable or if you have a counter-proposal.
player answer: PROPOSAL
newly proposed trade: Player RED Gives X: 1 | Player BLUE Gives ZUP: 30
my resources: X: 1
my goals: Sell resources for <ZUP>. It costed X: 21 ZUP to produce the resources
reason: I want to ensure that I make a profit on the sale of X. Since it cost me 21 ZUP to produce, I would like to propose a trade at a higher amount to ensure profitability.
proposal count: 1

Current Iteration: 2
Turn: 1
message: That sounds like a fair price for X. I'm happy to accept your offer. <
player answer: ACCEPT
newly proposed trade: NONE
my resources: ZUP: 1000
my goals: Buy resources with <ZUP>. You are willing to pay at most X: 515 ZUP for the resources.
reason: The proposed price of 30 ZUP for X is significantly lower than my maximum willingness to pay (515 ZUP). This is a very favorable trade for me, so I will accept it immediately.
proposal count: 1

------------------ 
Current Iteration: END
Turn: None
player_goals: [Sell resources for <ZUP>. It costed X: 21 ZUP to produce the resources, Buy resources with <ZUP>. You are willing to pay at most X: 515 ZUP for the resources.]
initial_resources: [Resources(resource_dict={'X': 1}), Resources(resource_dict={'ZUP': 1000})]
proposed_trade: Player RED Gives X: 1 | Player BLUE Gives ZUP: 30
player_valuation: [{'X': 21}, {'X': 515}]
final_response: ACCEPT
final_resources: [Resources(resource_dict={'X': 0, 'ZUP': 30}), Resources(resource_dict={'ZUP': 970, 'X': 1})]
player_outcome: [9, 485]