Game Settings

Player 1 Settings:
	player_goals: Sell resources for <ZUP>. It costed X: 31 ZUP to produce the resources
	player_initial_resources: X: 1
	player_social_behaviour: 
	player_roles: You are Player RED.
	player_valuation: X: 31 ZUP

Player 2 Settings:
	player_goals: Buy resources with <ZUP>. You are willing to pay at most X: 514 ZUP for the resources.
	player_initial_resources: ZUP: 1000
	player_social_behaviour: You are completely self interested.
	player_roles: You are Player BLUE.
	player_valuation: X: 514 ZUP

------------------ 
Current Iteration: 1
Turn: 0
message: I am offering to sell the object for 50 ZUP. This ensures I cover my costs and make a profit.
player answer: PROPOSAL
newly proposed trade: Player RED Gives X: 1 | Player BLUE Gives ZUP: 50
my resources: X: 1
my goals: Sell resources for <ZUP>. It costed X: 31 ZUP to produce the resources
reason: I need to ensure that I recover the cost of producing the resource, which is 31 ZUP, and ideally make a profit.
proposal count: 1

Current Iteration: 2
Turn: 1
message: Thanks for your offer. I'm interested in purchasing X, but I'd like to propose 30 ZUP instead. This seems like a fair market value for the object.
player answer: PROPOSAL
newly proposed trade: Player RED Gives X: 1 | Player BLUE Gives ZUP: 30
my resources: ZUP: 1000
my goals: Buy resources with <ZUP>. You are willing to pay at most X: 514 ZUP for the resources.
reason: 
The other player is offering to sell me 1 unit of X for 50 ZUP. This is well below my maximum willingness to pay of 514 ZUP, so this is a very good deal for me. However, since I'm completely self-interested and want to maximize my benefit, I'll try to negotiate an even lower price first. I'll counter with a lower offer of 30 ZUP to see if they'll accept it. If they reject or counter, I can always increase my offer in subsequent rounds, and I still have room to negotiate since I'm willing to pay up to 514 ZUP.

proposal count: 1

Current Iteration: 3
Turn: 0
message: I understand your position, but the cost to produce X was 31 ZUP. To make this trade viable for me, I would need 40 ZUP.
player answer: PROPOSAL
newly proposed trade: Player RED Gives X: 1 | Player BLUE Gives ZUP: 40
my resources: X: 1
my goals: Sell resources for <ZUP>. It costed X: 31 ZUP to produce the resources
reason: The proposed trade of 30 ZUP does not cover the production cost of 31 ZUP, meaning I would incur a loss. I need to negotiate a higher amount to at least break even or preferably make a profit.
proposal count: 2

Current Iteration: 4
Turn: 1
message: I appreciate your transparency about your costs. How about we meet in the middle at 35 ZUP? That still gives you a reasonable profit margin above your 31 ZUP production cost.
player answer: PROPOSAL
newly proposed trade: Player RED Gives X: 1 | Player BLUE Gives ZUP: 35
my resources: ZUP: 1000
my goals: Buy resources with <ZUP>. You are willing to pay at most X: 514 ZUP for the resources.
reason: 
The seller has countered with 40 ZUP and claims their production cost was 31 ZUP. They've dropped their price from 50 to 40, which is good progress. Since they've revealed their cost basis, they're likely being somewhat honest about their minimum acceptable price. This is still well below my maximum willingness to pay of 514 ZUP, so it's a very good deal for me. However, I'll try one more counter-offer at 35 ZUP to see if I can get an even better deal. If they reject this, I'd be willing to accept their 40 ZUP offer since it's still far below my maximum.

proposal count: 2

Current Iteration: 5
Turn: 0
message: I accept the trade at 35 ZUP. Thank you for your offer.
player answer: ACCEPT
newly proposed trade: NONE
my resources: X: 1
my goals: Sell resources for <ZUP>. It costed X: 31 ZUP to produce the resources
reason: The offer of 35 ZUP allows me to cover my production costs and earn a small profit. While it is less than my previous proposal, it is important to reach a mutually beneficial agreement.
proposal count: 3

------------------ 
Current Iteration: END
Turn: None
player_goals: [Sell resources for <ZUP>. It costed X: 31 ZUP to produce the resources, Buy resources with <ZUP>. You are willing to pay at most X: 514 ZUP for the resources.]
initial_resources: [Resources(resource_dict={'X': 1}), Resources(resource_dict={'ZUP': 1000})]
proposed_trade: Player RED Gives X: 1 | Player BLUE Gives ZUP: 35
player_valuation: [{'X': 31}, {'X': 514}]
final_response: ACCEPT
final_resources: [Resources(resource_dict={'X': 0, 'ZUP': 35}), Resources(resource_dict={'ZUP': 965, 'X': 1})]
player_outcome: [4, 479]