Game Settings

Player 1 Settings:
	player_goals: Sell resources for <ZUP>. It costed X: 40 ZUP to produce the resources
	player_initial_resources: X: 1
	player_social_behaviour: 
	player_roles: You are Player RED.
	player_valuation: X: 40 ZUP

Player 2 Settings:
	player_goals: Buy resources with <ZUP>. You are willing to pay at most X: 504 ZUP for the resources.
	player_initial_resources: ZUP: 1000
	player_social_behaviour: You are completely self interested.
	player_roles: You are Player BLUE.
	player_valuation: X: 504 ZUP

------------------ 
Current Iteration: 1
Turn: 0
message: I am proposing to sell X for 50 ZUP. This covers my costs and allows me to make a small profit. Let me know if you are interested in negotiating.
player answer: PROPOSAL
newly proposed trade: Player RED Gives X: 1 | Player BLUE Gives ZUP: 50
my resources: X: 1
my goals: Sell resources for ZUP. It costed X: 40 ZUP to produce the resources
reason: I want to sell X for at least 40 ZUP to cover my production costs. Ideally, I would like to sell it for more to make a profit. I will start by proposing a price slightly above my costs to leave room for negotiation.
proposal count: 1

Current Iteration: 2
Turn: 1
message: I accept your proposal. This seems like a fair deal for both of us.
player answer: ACCEPT
newly proposed trade: NONE
my resources: ZUP: 1000
my goals: Buy resources with <ZUP>. You are willing to pay at most X: 504 ZUP for the resources.
reason: The proposed trade of 1 X for 50 ZUP is significantly lower than my maximum willingness to pay (504 ZUP). This is an excellent deal for Player BLUE. Accepting this trade allows me to acquire the object at a very favorable price and saves me a lot of ZUP.
proposal count: 1

------------------ 
Current Iteration: END
Turn: None
player_goals: [Sell resources for <ZUP>. It costed X: 40 ZUP to produce the resources, Buy resources with <ZUP>. You are willing to pay at most X: 504 ZUP for the resources.]
initial_resources: [Resources(resource_dict={'X': 1}), Resources(resource_dict={'ZUP': 1000})]
proposed_trade: Player RED Gives X: 1 | Player BLUE Gives ZUP: 50
player_valuation: [{'X': 40}, {'X': 504}]
final_response: ACCEPT
final_resources: [Resources(resource_dict={'X': 0, 'ZUP': 50}), Resources(resource_dict={'ZUP': 950, 'X': 1})]
player_outcome: [10, 454]