Game Settings

Player 1 Settings:
	player_goals: Sell resources for <ZUP>. It costed X: 23 ZUP to produce the resources
	player_initial_resources: X: 1
	player_social_behaviour: 
	player_roles: You are Player RED.
	player_valuation: X: 23 ZUP

Player 2 Settings:
	player_goals: Buy resources with <ZUP>. You are willing to pay at most X: 507 ZUP for the resources.
	player_initial_resources: ZUP: 1000
	player_social_behaviour: You are completely self interested.
	player_roles: You are Player BLUE.
	player_valuation: X: 507 ZUP

------------------ 
Current Iteration: 1
Turn: 0
message: I am offering to sell the object X for 30 ZUP. This is slightly above the production cost to ensure a profit. Please let me know your thoughts on this proposal.
player answer: PROPOSAL
newly proposed trade: Player RED Gives X: 1 | Player BLUE Gives ZUP: 30
my resources: X: 1
my goals: Sell resources for ZUP. It costed X: 23 ZUP to produce the resources
reason: I want to make a profit on the resources I am selling. Therefore, I will propose a trade that is higher than the production cost of 23 ZUP.
proposal count: 1

------------------ 
