Game Settings

Player 1 Settings:
	player_goals: Sell resources for <ZUP>. It costed X: 32 ZUP to produce the resources
	player_initial_resources: X: 1
	player_social_behaviour: 
	player_roles: You are Player RED.
	player_valuation: X: 32 ZUP

Player 2 Settings:
	player_goals: Buy resources with <ZUP>. You are willing to pay at most X: 505 ZUP for the resources.
	player_initial_resources: ZUP: 1000
	player_social_behaviour: You are completely self interested.
	player_roles: You are Player BLUE.
	player_valuation: X: 505 ZUP

------------------ 
Current Iteration: 1
Turn: 0
message: I propose that I give you 1 unit of X in exchange for 32 ZUP, which covers my production costs.
player answer: PROPOSAL
newly proposed trade: Player RED Gives X: 1 | Player BLUE Gives ZUP: 32
my resources: X: 1
my goals: Sell resources for <ZUP>. It costed X: 32 ZUP to produce the resources
reason: Starting the negotiation by proposing a trade that covers my production cost.
proposal count: 1

Current Iteration: 2
Turn: 1
message: I appreciate your initial offer. However, considering the value of the resource, I propose to increase the amount to 100 ZUP for 1 unit of X. This should cover more than just your production costs and ensure the trade is beneficial for both sides.
player answer: PROPOSAL
newly proposed trade: Player RED Gives X: 1 | Player BLUE Gives ZUP: 100
my resources: ZUP: 1000
my goals: Buy resources with <ZUP>. You are willing to pay at most X: 505 ZUP for the resources.
reason: The initial proposal from Player RED is far below my maximum willingness to pay which is 505 ZUP for one unit of X. However, I would like to propose a slightly higher price to ensure a fair trade and also to move closer towards the middle ground, aiming for a deal that might be more acceptable to both sides.
proposal count: 1

Current Iteration: 3
Turn: 0
message: I accept your generous offer of 100 ZUP for 1 unit of X. This is a highly beneficial trade for both of us. Looking forward to finalizing this deal.
player answer: ACCEPT
newly proposed trade: NONE
my resources: X: 1
my goals: Sell resources for <ZUP>. It costed X: 32 ZUP to produce the resources
reason: Accepting the counteroffer as it significantly exceeds my production cost, providing a substantial profit.
proposal count: 2

------------------ 
Current Iteration: END
Turn: None
player_goals: [Sell resources for <ZUP>. It costed X: 32 ZUP to produce the resources, Buy resources with <ZUP>. You are willing to pay at most X: 505 ZUP for the resources.]
initial_resources: [Resources(resource_dict={'X': 1}), Resources(resource_dict={'ZUP': 1000})]
proposed_trade: Player RED Gives X: 1 | Player BLUE Gives ZUP: 100
player_valuation: [{'X': 32}, {'X': 505}]
final_response: ACCEPT
final_resources: [Resources(resource_dict={'X': 0, 'ZUP': 100}), Resources(resource_dict={'ZUP': 900, 'X': 1})]
player_outcome: [68, 405]