Game Settings

Player 1 Settings:
	player_goals: Sell resources for <ZUP>. It costed X: 28 ZUP to produce the resources
	player_initial_resources: X: 1
	player_social_behaviour: 
	player_roles: You are Player RED.
	player_valuation: X: 28 ZUP

Player 2 Settings:
	player_goals: Buy resources with <ZUP>. You are willing to pay at most X: 520 ZUP for the resources.
	player_initial_resources: ZUP: 1000
	player_social_behaviour: You are completely self interested.
	player_roles: You are Player BLUE.
	player_valuation: X: 520 ZUP

------------------ 
Current Iteration: 1
Turn: 0
message: I am proposing to sell the object for 35 ZUP. This covers my production cost and adds a small profit margin. Let me know your thoughts.
player answer: PROPOSAL
newly proposed trade: Player RED Gives X: 1 | Player BLUE Gives ZUP: 35
my resources: X: 1
my goals: Sell resources for ZUP. It costed X: 28 ZUP to produce the resources
reason: I am starting the negotiation and want to make sure that I cover my production costs while also aiming for a profit. I would like to propose a trade slightly higher than my production cost to begin the negotiation process.
proposal count: 1

Current Iteration: 2
Turn: 1
message: This sounds like a great offer! I accept.
player answer: ACCEPT
newly proposed trade: NONE
my resources: ZUP: 1000
my goals: Buy resources with <ZUP>. You are willing to pay at most X: 520 ZUP for the resources.
reason: The proposed trade is to buy 1 unit of X for 35 ZUP. My goal is to buy resources and I am willing to pay up to 520 ZUP for X. This offer is significantly below my maximum willingness to pay and is a very favorable deal for me. Therefore, I should accept it.
proposal count: 1

------------------ 
Current Iteration: END
Turn: None
player_goals: [Sell resources for <ZUP>. It costed X: 28 ZUP to produce the resources, Buy resources with <ZUP>. You are willing to pay at most X: 520 ZUP for the resources.]
initial_resources: [Resources(resource_dict={'X': 1}), Resources(resource_dict={'ZUP': 1000})]
proposed_trade: Player RED Gives X: 1 | Player BLUE Gives ZUP: 35
player_valuation: [{'X': 28}, {'X': 520}]
final_response: ACCEPT
final_resources: [Resources(resource_dict={'X': 0, 'ZUP': 35}), Resources(resource_dict={'ZUP': 965, 'X': 1})]
player_outcome: [7, 485]