Game Settings

Player 1 Settings:
	player_goals: Sell resources for <ZUP>. It costed X: 21 ZUP to produce the resources
	player_initial_resources: X: 1
	player_social_behaviour: 
	player_roles: You are Player RED.
	player_valuation: X: 21 ZUP

Player 2 Settings:
	player_goals: Buy resources with <ZUP>. You are willing to pay at most X: 507 ZUP for the resources.
	player_initial_resources: ZUP: 1000
	player_social_behaviour: You are completely self interested.
	player_roles: You are Player BLUE.
	player_valuation: X: 507 ZUP

------------------ 
Current Iteration: 1
Turn: 0
message: I am willing to sell X for 30 ZUP. This will allow me to make a profit above the production cost.
player answer: PROPOSAL
newly proposed trade: Player RED Gives X: 1 | Player BLUE Gives ZUP: 30
my resources: X: 1
my goals: Sell resources for ZUP. It costed X: 21 ZUP to produce the resources
reason: I want to make a profit from selling X. Therefore, I will propose a trade that ensures I receive more than the production cost of 21 ZUP.
proposal count: 1

Current Iteration: 2
Turn: 1
message: I find your offer acceptable.
player answer: ACCEPT
newly proposed trade: NONE
my resources: ZUP: 1000
my goals: Buy resources with <ZUP>. You are willing to pay at most X: 507 ZUP for the resources.
reason: The other player has proposed to sell X for 30 ZUP. My willingness to pay for X is up to 507 ZUP. This is an excellent deal for me, as 30 ZUP is well below my maximum price. I will accept this offer to acquire the resource at a very favorable price.
proposal count: 0

------------------ 
Current Iteration: END
Turn: None
player_goals: [Sell resources for <ZUP>. It costed X: 21 ZUP to produce the resources, Buy resources with <ZUP>. You are willing to pay at most X: 507 ZUP for the resources.]
initial_resources: [Resources(resource_dict={'X': 1}), Resources(resource_dict={'ZUP': 1000})]
proposed_trade: Player RED Gives X: 1 | Player BLUE Gives ZUP: 30
player_valuation: [{'X': 21}, {'X': 507}]
final_response: ACCEPT
final_resources: [Resources(resource_dict={'X': 0, 'ZUP': 30}), Resources(resource_dict={'ZUP': 970, 'X': 1})]
player_outcome: [9, 477]