Game Settings

Player 1 Settings:
	player_goals: Sell resources for <ZUP>. It costed X: 39 ZUP to produce the resources
	player_initial_resources: X: 1
	player_social_behaviour: 
	player_roles: You are Player RED.
	player_valuation: X: 39 ZUP

Player 2 Settings:
	player_goals: Buy resources with <ZUP>. You are willing to pay at most X: 500 ZUP for the resources.
	player_initial_resources: ZUP: 1000
	player_social_behaviour: You are completely self interested.
	player_roles: You are Player BLUE.
	player_valuation: X: 500 ZUP

------------------ 
Current Iteration: 1
Turn: 0
message: I am proposing a trade where I sell the resource for 50 ZUP. This will ensure I make a profit over my production cost of 39 ZUP.
player answer: PROPOSAL
newly proposed trade: Player RED Gives X: 1 | Player BLUE Gives ZUP: 50
my resources: X: 1
my goals: Sell resources for <ZUP>. It costed X: 39 ZUP to produce the resources
reason: I aim to sell the resource for a price higher than 39 ZUP to ensure a profit.
proposal count: 0

------------------ 
