Game Settings

Player 1 Settings:
	player_goals: Sell resources for <ZUP>. It costed X: 35 ZUP to produce the resources
	player_initial_resources: X: 1
	player_social_behaviour: 
	player_roles: You are Player RED.
	player_valuation: X: 35 ZUP

Player 2 Settings:
	player_goals: Buy resources with <ZUP>. You are willing to pay at most X: 505 ZUP for the resources.
	player_initial_resources: ZUP: 1000
	player_social_behaviour: You are completely self interested.
	player_roles: You are Player BLUE.
	player_valuation: X: 505 ZUP

------------------ 
Current Iteration: 1
Turn: 0
message: I am offering to sell the object for 50 ZUP. It cost me 35 ZUP to produce, so this price allows for a reasonable profit margin.
player answer: PROPOSAL
newly proposed trade: Player RED Gives X: 1 | Player BLUE Gives ZUP: 50
my resources: X: 1
my goals: Sell resources for ZUP. It costed X: 35 ZUP to produce the resources
reason: I am Player RED and my goal is to sell the object at a profit. Since it cost me 35 ZUP to produce, I should aim to sell at a price higher than this to make a profit. I will start by proposing a price that allows for negotiation.
proposal count: 0

Current Iteration: 2
Turn: 1
message: That sounds lik
player answer: ACCEPT
newly proposed trade: NONE
my resources: ZUP: 1000
my goals: Buy resources with <ZUP>. You are willing to pay at most X: 505 ZUP for the resources.
reason: The proposed price of 50 ZUP for 1 X is significantly lower than my maximum willingness to pay (505 ZUP). This is an excellent deal for me, and I should accept it to secure the resource at a very favorable price.
proposal count: 1

------------------ 
Current Iteration: END
Turn: None
player_goals: [Sell resources for <ZUP>. It costed X: 35 ZUP to produce the resources, Buy resources with <ZUP>. You are willing to pay at most X: 505 ZUP for the resources.]
initial_resources: [Resources(resource_dict={'X': 1}), Resources(resource_dict={'ZUP': 1000})]
proposed_trade: Player RED Gives X: 1 | Player BLUE Gives ZUP: 50
player_valuation: [{'X': 35}, {'X': 505}]
final_response: ACCEPT
final_resources: [Resources(resource_dict={'X': 0, 'ZUP': 50}), Resources(resource_dict={'ZUP': 950, 'X': 1})]
player_outcome: [15, 455]