Game Settings

Player 1 Settings:
	player_goals: Sell resources for <ZUP>. It costed X: 35 ZUP to produce the resources
	player_initial_resources: X: 1
	player_social_behaviour: 
	player_roles: You are Player RED.
	player_valuation: X: 35 ZUP

Player 2 Settings:
	player_goals: Buy resources with <ZUP>. You are willing to pay at most X: 508 ZUP for the resources.
	player_initial_resources: ZUP: 1000
	player_social_behaviour: You are completely self interested.
	player_roles: You are Player BLUE.
	player_valuation: X: 508 ZUP

------------------ 
Current Iteration: 1
Turn: 0
message: I'm offering X for 40 ZUP. This gives me a small profit margin above my production cost.
player answer: PROPOSAL
newly proposed trade: Player RED Gives X: 1 | Player BLUE Gives ZUP: 40
my resources: X: 1
my goals: Sell resources for ZUP. It costed X: 35 ZUP to produce the resources
reason: I'm starting the negotiation process. I aim to sell X for at least 35 ZUP since that is my production cost. Anything above 35 ZUP would be profit.
proposal count: 0

Current Iteration: 2
Turn: 1
message: I accept your offer.
player answer: ACCEPT
newly proposed trade: NONE
my resources: ZUP: 1000
my goals: Buy resources with <ZUP>. You are willing to pay at most X: 508 ZUP for the resources.
reason: The proposed trade is for 1 unit of X for 40 ZUP. My maximum willingness to pay for X is 508 ZUP. This is a very good deal for me, well below my maximum. I should accept it.
proposal count: 1

------------------ 
Current Iteration: END
Turn: None
player_goals: [Sell resources for <ZUP>. It costed X: 35 ZUP to produce the resources, Buy resources with <ZUP>. You are willing to pay at most X: 508 ZUP for the resources.]
initial_resources: [Resources(resource_dict={'X': 1}), Resources(resource_dict={'ZUP': 1000})]
proposed_trade: Player RED Gives X: 1 | Player BLUE Gives ZUP: 40
player_valuation: [{'X': 35}, {'X': 508}]
final_response: ACCEPT
final_resources: [Resources(resource_dict={'X': 0, 'ZUP': 40}), Resources(resource_dict={'ZUP': 960, 'X': 1})]
player_outcome: [5, 468]