Game Settings

Player 1 Settings:
	player_goals: Sell resources for <ZUP>. It costed X: 36 ZUP to produce the resources
	player_initial_resources: X: 1
	player_social_behaviour: 
	player_roles: You are Player RED.
	player_valuation: X: 36 ZUP

Player 2 Settings:
	player_goals: Buy resources with <ZUP>. You are willing to pay at most X: 520 ZUP for the resources.
	player_initial_resources: ZUP: 1000
	player_social_behaviour: You are completely self interested.
	player_roles: You are Player BLUE.
	player_valuation: X: 520 ZUP

------------------ 
Current Iteration: 1
Turn: 0
message: I'm proposing to sell the object X for 50 ZUP. This covers my production cost and provides a profit margin. Let me know your thoughts.
player answer: PROPOSAL
newly proposed trade: Player RED Gives X: 1 | Player BLUE Gives ZUP: 50
my resources: X: 1
my goals: Sell resources for <ZUP>. It costed X: 36 ZUP to produce the resources
reason: I intend to propose a fair trade that covers my production cost and allows for some profit. Since it cost 36 ZUP to produce, I will start by proposing a price that gives me a reasonable profit margin.
proposal count: 1

------------------ 
