Game Settings

Player 1 Settings:
	player_goals: Sell resources for <ZUP>. It costed X: 20 ZUP to produce the resources
	player_initial_resources: X: 1
	player_social_behaviour: 
	player_roles: You are Player RED.
	player_valuation: X: 20 ZUP

Player 2 Settings:
	player_goals: Buy resources with <ZUP>. You are willing to pay at most X: 516 ZUP for the resources.
	player_initial_resources: ZUP: 1000
	player_social_behaviour: You are completely self interested.
	player_roles: You are Player BLUE.
	player_valuation: X: 516 ZUP

------------------ 
Current Iteration: 1
Turn: 0
message: Hello Player BLUE, I'm offering X for 30 ZUP. This covers my production costs and allows for a reasonable profit.
player answer: PROPOSAL
newly proposed trade: Player RED Gives X: 1 | Player BLUE Gives ZUP: 30
my resources: X: 1
my goals: Sell resources for <ZUP>. It costed X: 20 ZUP to produce the resources
reason: I want to ensure I get at least 20 ZUP to cover my production costs. Ideally, I would like to make a profit, so I will start with a proposal higher than 20 ZUP.
proposal count: 0

Current Iteration: 2
Turn: 1
message: This is a fair price. I accept your offer.
player answer: ACCEPT
newly proposed trade: NONE
my resources: ZUP: 1000
my goals: Buy resources with <ZUP>. You are willing to pay at most X: 516 ZUP for the resources.
reason: The proposed trade of 1 X for 30 ZUP is significantly lower than my maximum willingness to pay (516 ZUP). This is an excellent deal for me, and I should accept it immediately to secure the resource.
proposal count: 0

------------------ 
Current Iteration: END
Turn: None
player_goals: [Sell resources for <ZUP>. It costed X: 20 ZUP to produce the resources, Buy resources with <ZUP>. You are willing to pay at most X: 516 ZUP for the resources.]
initial_resources: [Resources(resource_dict={'X': 1}), Resources(resource_dict={'ZUP': 1000})]
proposed_trade: Player RED Gives X: 1 | Player BLUE Gives ZUP: 30
player_valuation: [{'X': 20}, {'X': 516}]
final_response: ACCEPT
final_resources: [Resources(resource_dict={'X': 0, 'ZUP': 30}), Resources(resource_dict={'ZUP': 970, 'X': 1})]
player_outcome: [10, 486]