Game Settings

Player 1 Settings:
	player_goals: Sell resources for <ZUP>. It costed X: 22 ZUP to produce the resources
	player_initial_resources: X: 1
	player_social_behaviour: 
	player_roles: You are Player RED.
	player_valuation: X: 22 ZUP

Player 2 Settings:
	player_goals: Buy resources with <ZUP>. You are willing to pay at most X: 501 ZUP for the resources.
	player_initial_resources: ZUP: 1000
	player_social_behaviour: You are completely self interested.
	player_roles: You are Player BLUE.
	player_valuation: X: 501 ZUP

------------------ 
Current Iteration: 1
Turn: 0
message: I am proposing to sell the object X for 30 ZUP. It cost me 22 ZUP to produce, so I believe 30 ZUP is a fair price to ensure I make a profit.
player answer: PROPOSAL
newly proposed trade: Player RED Gives X: 1 | Player BLUE Gives ZUP: 30
my resources: X: 1
my goals: Sell resources for ZUP. It costed X: 22 ZUP to produce the resources
reason: I want to make a profit on the sale of X. Since it cost me 22 ZUP to produce X, I will propose a trade that ensures I make a profit.
proposal count: 1

------------------ 
