Game Settings

Player 1 Settings:
	player_goals: Sell resources for <ZUP>. It costed X: 34 ZUP to produce the resources
	player_initial_resources: X: 1
	player_social_behaviour: 
	player_roles: You are Player RED.
	player_valuation: X: 34 ZUP

Player 2 Settings:
	player_goals: Buy resources with <ZUP>. You are willing to pay at most X: 501 ZUP for the resources.
	player_initial_resources: ZUP: 1000
	player_social_behaviour: You are completely self interested.
	player_roles: You are Player BLUE.
	player_valuation: X: 501 ZUP

------------------ 
Current Iteration: 1
Turn: 0
message: I'm looking to sell my resource X for 50 ZUP. It cost me 34 ZUP to produce, so I'm aiming for a reasonable profit. How does that sound?
player answer: PROPOSAL
newly proposed trade: Player RED Gives X: 1 | Player BLUE Gives ZUP: 50
my resources: X: 1
my goals: Sell resources for <ZUP>. It costed X: 34 ZUP to produce the resources
reason: I want to make a profit on the sale, ideally selling for more than it cost me. My first proposal will be above my cost to gauge Player BLUE's willingness to pay.
proposal count: 1

------------------ 
