Game Settings

Player 1 Settings:
	player_goals: Sell resources for <ZUP>. It costed X: 25 ZUP to produce the resources
	player_initial_resources: X: 1
	player_social_behaviour: 
	player_roles: You are Player RED.
	player_valuation: X: 25 ZUP

Player 2 Settings:
	player_goals: Buy resources with <ZUP>. You are willing to pay at most X: 514 ZUP for the resources.
	player_initial_resources: ZUP: 1000
	player_social_behaviour: You are completely self interested.
	player_roles: You are Player BLUE.
	player_valuation: X: 514 ZUP

------------------ 
Current Iteration: 1
Turn: 0
message: I am proposing a trade where you give me 50 ZUP for the object X. It cost me 25 ZUP to produce it.
player answer: PROPOSAL
newly proposed trade: Player RED Gives X: 1 | Player BLUE Gives ZUP: 50
my resources: X: 1
my goals: Sell resources for ZUP. It costed X: 25 ZUP to produce the resources
reason: I want to ensure that I sell the object for a profit. Since it cost 25 ZUP to produce, I aim to sell for more than that. Starting with a proposal to sell at 50 ZUP, which would give me a decent profit.
proposal count: 1

------------------ 
