Game Settings

Player 1 Settings:
	player_goals: Sell resources for <ZUP>. It costed X: 20 ZUP to produce the resources
	player_initial_resources: X: 1
	player_social_behaviour: 
	player_roles: You are Player RED.
	player_valuation: X: 20 ZUP

Player 2 Settings:
	player_goals: Buy resources with <ZUP>. You are willing to pay at most X: 519 ZUP for the resources.
	player_initial_resources: ZUP: 1000
	player_social_behaviour: You are completely self interested.
	player_roles: You are Player BLUE.
	player_valuation: X: 519 ZUP

------------------ 
Current Iteration: 1
Turn: 0
message: I am proposing to sell the object for 30 ZUP, which reflects its value and allows me to make a profit over the production cost.
player answer: PROPOSAL
newly proposed trade: Player RED Gives X: 1 | Player BLUE Gives ZUP: 30
my resources: X: 1
my goals: Sell resources for ZUP. It costed X: 20 ZUP to produce the resources
reason: My goal is to make a profit on selling the resource. To achieve this, I need to sell the object for more than the cost, which is 20 ZUP. I should start by proposing an amount that allows room for negotiation while still ensuring profitability.
proposal count: 1

Current Iteration: 2
Turn: 1
message: I find your offer acceptable and am happy to proceed with this trade.
player answer: ACCEPT
newly proposed trade: NONE
my resources: ZUP: 1000
my goals: Buy resources with <ZUP>. You are willing to pay at most X: 519 ZUP for the resources.
reason: The proposed trade is to buy 1 unit of X for 30 ZUP. My willingness to pay for X is up to 519 ZUP. This offer is significantly lower than my maximum willingness to pay, making it a very favorable deal for me. I have sufficient ZUP to cover the cost. Therefore, I will accept this trade to acquire the object at a good price.
proposal count: 1

------------------ 
Current Iteration: END
Turn: None
player_goals: [Sell resources for <ZUP>. It costed X: 20 ZUP to produce the resources, Buy resources with <ZUP>. You are willing to pay at most X: 519 ZUP for the resources.]
initial_resources: [Resources(resource_dict={'X': 1}), Resources(resource_dict={'ZUP': 1000})]
proposed_trade: Player RED Gives X: 1 | Player BLUE Gives ZUP: 30
player_valuation: [{'X': 20}, {'X': 519}]
final_response: ACCEPT
final_resources: [Resources(resource_dict={'X': 0, 'ZUP': 30}), Resources(resource_dict={'ZUP': 970, 'X': 1})]
player_outcome: [10, 489]