Game Settings

Player 1 Settings:
	player_goals: Sell resources for <ZUP>. It costed X: 35 ZUP to produce the resources
	player_initial_resources: X: 1
	player_social_behaviour: 
	player_roles: You are Player RED.
	player_valuation: X: 35 ZUP

Player 2 Settings:
	player_goals: Buy resources with <ZUP>. You are willing to pay at most X: 503 ZUP for the resources.
	player_initial_resources: ZUP: 1000
	player_social_behaviour: You are completely self interested.
	player_roles: You are Player BLUE.
	player_valuation: X: 503 ZUP

------------------ 
Current Iteration: 1
Turn: 0
message: I am proposing a trade where you give me 50 ZUP in exchange for 1 unit of X. This amount covers my production costs and allows me to earn a profit.
player answer: PROPOSAL
newly proposed trade: Player RED Gives X: 1 | Player BLUE Gives ZUP: 50
my resources: X: 1
my goals: Sell resources for <ZUP>. It costed X: 35 ZUP to produce the resources
reason: I want to make a profit from selling the resource X. Since it cost me 35 ZUP to produce, I will start by proposing a trade that covers my cost and provides some profit margin.
proposal count: 1

Current Iteration: 2
Turn: 1
message: Thank you for your offer. I'd like to counter with 30 ZUP for your unit of X. This seems like a fair price given current market conditions.
player answer: PROPOSAL
newly proposed trade: Player RED Gives X: 1 | Player BLUE Gives ZUP: 30
my resources: ZUP: 1000
my goals: Buy resources with <ZUP>. You are willing to pay at most X: 503 ZUP for the resources.
reason: 
The seller is offering 1 unit of X for 50 ZUP. My goal is to buy X, and I'm willing to pay up to 503 ZUP for it. This initial offer is actually quite reasonable and well below my maximum price. However, since we're negotiating, I should counter with a lower price to see if I can get an even better deal. I'll propose 30 ZUP for the unit of X, which gives me room to negotiate upward if needed.

proposal count: 1

Current Iteration: 3
Turn: 0
message: I appreciate your counteroffer, but 30 ZUP does not cover the production costs. I propose 40 ZUP for the unit of X, which covers my costs and offers a minimal profit margin.
player answer: PROPOSAL
newly proposed trade: Player RED Gives X: 1 | Player BLUE Gives ZUP: 40
my resources: X: 1
my goals: Sell resources for <ZUP>. It costed X: 35 ZUP to produce the resources
reason: The counteroffer of 30 ZUP does not cover my production costs of 35 ZUP, and would result in a loss. I need to propose a trade that at least covers my costs, and ideally provides a profit.
proposal count: 2

Current Iteration: 4
Turn: 1
message: I understand you need to cover your costs. How about we meet in the middle at 35 ZUP? This should still provide you with some profit while giving me a fair deal as well.
player answer: PROPOSAL
newly proposed trade: Player RED Gives X: 1 | Player BLUE Gives ZUP: 35
my resources: ZUP: 1000
my goals: Buy resources with <ZUP>. You are willing to pay at most X: 503 ZUP for the resources.
reason: 
The seller has countered with 40 ZUP, which is still significantly below my maximum willingness to pay of 503 ZUP. This is a very good deal for me. However, I can try one more time to get an even better price by countering at 35 ZUP. If they don't accept, I can always go back to their 40 ZUP offer which is already excellent from my perspective.

proposal count: 2

Current Iteration: 5
Turn: 0
message: I accept your offer of 35 ZUP for 1 unit of X. This covers my production costs and ensures a fair exchange for both parties. Thank you for the negotiation.
player answer: ACCEPT
newly proposed trade: NONE
my resources: X: 1
my goals: Sell resources for <ZUP>. It costed X: 35 ZUP to produce the resources
reason: The new offer of 35 ZUP matches my production cost exactly, resulting in no profit but also no loss. While it's not ideal, it meets my minimum requirement to cover costs. Given the circumstances, I'm considering accepting this offer.
proposal count: 3

------------------ 
Current Iteration: END
Turn: None
player_goals: [Sell resources for <ZUP>. It costed X: 35 ZUP to produce the resources, Buy resources with <ZUP>. You are willing to pay at most X: 503 ZUP for the resources.]
initial_resources: [Resources(resource_dict={'X': 1}), Resources(resource_dict={'ZUP': 1000})]
proposed_trade: Player RED Gives X: 1 | Player BLUE Gives ZUP: 35
player_valuation: [{'X': 35}, {'X': 503}]
final_response: ACCEPT
final_resources: [Resources(resource_dict={'X': 0, 'ZUP': 35}), Resources(resource_dict={'ZUP': 965, 'X': 1})]
player_outcome: [0, 468]