Game Settings

Player 1 Settings:
	player_goals: Sell resources for <ZUP>. It costed X: 32 ZUP to produce the resources
	player_initial_resources: X: 1
	player_social_behaviour: 
	player_roles: You are Player RED.
	player_valuation: X: 32 ZUP

Player 2 Settings:
	player_goals: Buy resources with <ZUP>. You are willing to pay at most X: 508 ZUP for the resources.
	player_initial_resources: ZUP: 1000
	player_social_behaviour: You are completely self interested.
	player_roles: You are Player BLUE.
	player_valuation: X: 508 ZUP

------------------ 
Current Iteration: 1
Turn: 0
message: I am proposing to sell the object for 50 ZUP. This covers my production costs and adds a profit margin.
player answer: PROPOSAL
newly proposed trade: Player RED Gives X: 1 | Player BLUE Gives ZUP: 50
my resources: X: 1
my goals: Sell resources for <ZUP>. It costed X: 32 ZUP to produce the resources
reason: I want to start by proposing a trade that covers my production costs and adds a reasonable profit margin. I'll propose selling the object for 50 ZUP to ensure I make a profit.
proposal count: 1

Current Iteration: 2
Turn: 1
message: Thanks for your offer. I'd like to propose 30 ZUP for the object instead. This seems like a fair price for both of us.
player answer: PROPOSAL
newly proposed trade: Player RED Gives X: 1 | Player BLUE Gives ZUP: 30
my resources: ZUP: 1000
my goals: Buy resources with <ZUP>. You are willing to pay at most X: 508 ZUP for the resources.
reason: 
The seller has proposed a price of 50 ZUP for the object X. This is well below my maximum willingness to pay of 508 ZUP, so this is an excellent offer for me. However, since I'm completely self-interested and the seller seems to have started with a low price, I could try to negotiate an even better deal. I'll counter with a lower offer of 30 ZUP to see if they'll accept it. Even if they don't, I have plenty of room to negotiate up to my maximum of 508 ZUP.

proposal count: 1

Current Iteration: 3
Turn: 0
message: I appreciate your counteroffer, but 30 ZUP is below my production cost. How about 40 ZUP? This way, I cover my costs and we can meet somewhere in the middle.
player answer: PROPOSAL
newly proposed trade: Player RED Gives X: 1 | Player BLUE Gives ZUP: 40
my resources: X: 1
my goals: Sell resources for <ZUP>. It costed X: 32 ZUP to produce the resources
reason: The offer of 30 ZUP from Player BLUE is below my production cost of 32 ZUP. I need to ensure I cover my costs and earn a profit. I'll propose a middle ground to see if there's room for negotiation.
proposal count: 2

Current Iteration: 4
Turn: 1
message: 40 ZUP sounds fair to me. I'm happy to accept this offer and complete our transaction at this price.
player answer: ACCEPT
newly proposed trade: NONE
my resources: ZUP: 1000
my goals: Buy resources with <ZUP>. You are willing to pay at most X: 508 ZUP for the resources.
reason: 
The seller has countered with 40 ZUP, which is still significantly below my maximum willingness to pay of 508 ZUP. This is an excellent deal for me. While I could try to negotiate further, the seller has mentioned that my previous offer was below their production cost. Since 40 ZUP is still very favorable for me and I don't want to risk the seller walking away, I'll accept this offer. This gives me great value while still allowing the seller to cover their costs.

proposal count: 2

------------------ 
Current Iteration: END
Turn: None
player_goals: [Sell resources for <ZUP>. It costed X: 32 ZUP to produce the resources, Buy resources with <ZUP>. You are willing to pay at most X: 508 ZUP for the resources.]
initial_resources: [Resources(resource_dict={'X': 1}), Resources(resource_dict={'ZUP': 1000})]
proposed_trade: Player RED Gives X: 1 | Player BLUE Gives ZUP: 40
player_valuation: [{'X': 32}, {'X': 508}]
final_response: ACCEPT
final_resources: [Resources(resource_dict={'X': 0, 'ZUP': 40}), Resources(resource_dict={'ZUP': 960, 'X': 1})]
player_outcome: [8, 468]