Game Settings

Player 1 Settings:
	player_goals: Sell resources for <ZUP>. It costed X: 37 ZUP to produce the resources
	player_initial_resources: X: 1
	player_social_behaviour: 
	player_roles: You are Player RED.
	player_valuation: X: 37 ZUP

Player 2 Settings:
	player_goals: Buy resources with <ZUP>. You are willing to pay at most X: 515 ZUP for the resources.
	player_initial_resources: ZUP: 1000
	player_social_behaviour: You are completely self interested.
	player_roles: You are Player BLUE.
	player_valuation: X: 515 ZUP

------------------ 
Current Iteration: 1
Turn: 0
message: I am proposing to sell the resource for 50 ZUP. I believe this is a fair starting point based on the production cost.
player answer: PROPOSAL
newly proposed trade: Player RED Gives X: 1 | Player BLUE Gives ZUP: 50
my resources: X: 1
my goals: Sell resources for <ZUP>. It costed X: 37 ZUP to produce the resources
reason: I want to ensure I make a profit above the production cost of 37 ZUP. I will start by proposing a trade slightly above the production cost to gauge Player BLUE's willingness to pay.
proposal count: 1

Current Iteration: 2
Turn: 1
message: Thank you for your offer. I'm interested in purchasing X, but I'd like to propose 45 ZUP instead. This seems like a reasonable price point for this transaction.
player answer: PROPOSAL
newly proposed trade: Player RED Gives X: 1 | Player BLUE Gives ZUP: 45
my resources: ZUP: 1000
my goals: Buy resources with <ZUP>. You are willing to pay at most X: 515 ZUP for the resources.
reason: 
The seller is offering X for 50 ZUP, which is well below my maximum willingness to pay of 515 ZUP. This is an excellent starting offer for me. However, I don't want to reveal my true willingness to pay by accepting immediately, as that might signal I think it's worth much more. I'll make a slight counter-offer to seem like I'm negotiating, but keep it very close to their initial offer since it's already very favorable to me.

proposal count: 1

Current Iteration: 3
Turn: 0
message: I understand your point, but I would like to propose 48 ZUP. This allows me a better profit margin while still being reasonable.
player answer: PROPOSAL
newly proposed trade: Player RED Gives X: 1 | Player BLUE Gives ZUP: 48
my resources: X: 1
my goals: Sell resources for <ZUP>. It costed X: 37 ZUP to produce the resources
reason: While 45 ZUP is closer to my production cost, I would like to secure a higher profit margin. I will propose a slightly higher amount to see if Player BLUE is willing to negotiate further.
proposal count: 2

Current Iteration: 4
Turn: 1
message: I appreciate your counter-offer. 48 ZUP seems fair for X, so I'm happy to accept this deal. Thank you for the reasonable negotiation.
player answer: ACCEPT
newly proposed trade: NONE
my resources: ZUP: 1000
my goals: Buy resources with <ZUP>. You are willing to pay at most X: 515 ZUP for the resources.
reason: 
The seller has counter-offered with 48 ZUP, which is still extremely favorable compared to my maximum willingness to pay of 515 ZUP. At this point, I could continue negotiating slightly lower, but there's little benefit since I'm already getting a great deal. I'll accept this offer since it's well below my maximum price and further negotiation might risk the seller reconsidering their price if they suspect I value it much higher.

proposal count: 2

------------------ 
Current Iteration: END
Turn: None
player_goals: [Sell resources for <ZUP>. It costed X: 37 ZUP to produce the resources, Buy resources with <ZUP>. You are willing to pay at most X: 515 ZUP for the resources.]
initial_resources: [Resources(resource_dict={'X': 1}), Resources(resource_dict={'ZUP': 1000})]
proposed_trade: Player RED Gives X: 1 | Player BLUE Gives ZUP: 48
player_valuation: [{'X': 37}, {'X': 515}]
final_response: ACCEPT
final_resources: [Resources(resource_dict={'X': 0, 'ZUP': 48}), Resources(resource_dict={'ZUP': 952, 'X': 1})]
player_outcome: [11, 467]