Game Settings

Player 1 Settings:
	player_goals: Sell resources for <ZUP>. It costed X: 36 ZUP to produce the resources
	player_initial_resources: X: 1
	player_social_behaviour: 
	player_roles: You are Player RED.
	player_valuation: X: 36 ZUP

Player 2 Settings:
	player_goals: Buy resources with <ZUP>. You are willing to pay at most X: 501 ZUP for the resources.
	player_initial_resources: ZUP: 1000
	player_social_behaviour: You are completely self interested.
	player_roles: You are Player BLUE.
	player_valuation: X: 501 ZUP

------------------ 
Current Iteration: 1
Turn: 0
message: I am offering the object for 50 ZUP. This covers my production cost and allows me to make a reasonable profit. What do you think?
player answer: PROPOSAL
newly proposed trade: Player RED Gives X: 1 | Player BLUE Gives ZUP: 50
my resources: X: 1
my goals: Sell resources for <ZUP>. It costed X: 36 ZUP to produce the resource
reason: I want to ensure that I sell the resource for more than it cost me to produce it. This way, I will make a profit. My first proposal will be slightly above the production cost to initiate the negotiation.
proposal count: 1

------------------ 
