Game Settings

Player 1 Settings:
	player_goals: Sell resources for <ZUP>. It costed X: 39 ZUP to produce the resources
	player_initial_resources: X: 1
	player_social_behaviour: 
	player_roles: You are Player RED.
	player_valuation: X: 39 ZUP

Player 2 Settings:
	player_goals: Buy resources with <ZUP>. You are willing to pay at most X: 519 ZUP for the resources.
	player_initial_resources: ZUP: 1000
	player_social_behaviour: You are completely self interested.
	player_roles: You are Player BLUE.
	player_valuation: X: 519 ZUP

------------------ 
Current Iteration: 1
Turn: 0
message: I am proposing a trade where I give 1 unit of X, and in return, I would like to receive 50 ZUP. This covers my production cost and provides a profit margin.
player answer: PROPOSAL
newly proposed trade: Player RED Gives X: 1 | Player BLUE Gives ZUP: 50
my resources: X: 1
my goals: Sell resources for ZUP. It costed X: 39 ZUP to produce the resources
reason: I want to ensure that I sell the resource for at least 39 ZUP to cover the production cost. My goal is to negotiate a trade that provides a profit.
proposal count: 0

Current Iteration: 2
Turn: 1
message: I accept your proposal.
player answer: ACCEPT
newly proposed trade: NONE
my resources: ZUP: 1000
my goals: Buy resources with <ZUP>. You are willing to pay at most X: 519 ZUP for the resources.
reason: 
The other player is asking for 50 ZUP for 1 X. I am willing to pay up to 519 ZUP for one X. This is a good price and I should accept.

proposal count: 1

------------------ 
Current Iteration: END
Turn: None
player_goals: [Sell resources for <ZUP>. It costed X: 39 ZUP to produce the resources, Buy resources with <ZUP>. You are willing to pay at most X: 519 ZUP for the resources.]
initial_resources: [Resources(resource_dict={'X': 1}), Resources(resource_dict={'ZUP': 1000})]
proposed_trade: Player RED Gives X: 1 | Player BLUE Gives ZUP: 50
player_valuation: [{'X': 39}, {'X': 519}]
final_response: ACCEPT
final_resources: [Resources(resource_dict={'X': 0, 'ZUP': 50}), Resources(resource_dict={'ZUP': 950, 'X': 1})]
player_outcome: [11, 469]