Game Settings

Player 1 Settings:
	player_goals: Sell resources for <ZUP>. It costed X: 30 ZUP to produce the resources
	player_initial_resources: X: 1
	player_social_behaviour: 
	player_roles: You are Player RED.
	player_valuation: X: 30 ZUP

Player 2 Settings:
	player_goals: Buy resources with <ZUP>. You are willing to pay at most X: 510 ZUP for the resources.
	player_initial_resources: ZUP: 1000
	player_social_behaviour: You are completely self interested.
	player_roles: You are Player BLUE.
	player_valuation: X: 510 ZUP

------------------ 
Current Iteration: 1
Turn: 0
message: I am offering X for 50 ZUP. Let me know if this works for you or if you would like to propose a different trade.
player answer: PROPOSAL
newly proposed trade: Player RED Gives X: 1 | Player BLUE Gives ZUP: 50
my resources: X: 1
my goals: Sell resources for ZUP. It costed X: 30 ZUP to produce the resources
reason: I want to ensure that I sell X for at least the cost of production, which is 30 ZUP. However, I am aiming to make a profit, so I will propose a higher amount initially to leave room for negotiation.
proposal count: 1

Current Iteration: 2
Turn: 1
message: I accept your offer! This sounds like a great deal for me.
player answer: ACCEPT
newly proposed trade: NONE
my resources: ZUP: 1000
my goals: Buy resources with <ZUP>. You are willing to pay at most X: 510 ZUP for the resources.
reason: The proposed trade of X: 1 for ZUP: 50 is well within my budget and maximum willingness to pay (510 ZUP). This is an excellent deal for me, so I should accept it immediately.
proposal count: 1

------------------ 
Current Iteration: END
Turn: None
player_goals: [Sell resources for <ZUP>. It costed X: 30 ZUP to produce the resources, Buy resources with <ZUP>. You are willing to pay at most X: 510 ZUP for the resources.]
initial_resources: [Resources(resource_dict={'X': 1}), Resources(resource_dict={'ZUP': 1000})]
proposed_trade: Player RED Gives X: 1 | Player BLUE Gives ZUP: 50
player_valuation: [{'X': 30}, {'X': 510}]
final_response: ACCEPT
final_resources: [Resources(resource_dict={'X': 0, 'ZUP': 50}), Resources(resource_dict={'ZUP': 950, 'X': 1})]
player_outcome: [20, 460]