Game Settings

Player 1 Settings:
	player_goals: Sell resources for <ZUP>. It costed X: 38 ZUP to produce the resources
	player_initial_resources: X: 1
	player_social_behaviour: 
	player_roles: You are Player RED.
	player_valuation: X: 38 ZUP

Player 2 Settings:
	player_goals: Buy resources with <ZUP>. You are willing to pay at most X: 519 ZUP for the resources.
	player_initial_resources: ZUP: 1000
	player_social_behaviour: You are completely self interested.
	player_roles: You are Player BLUE.
	player_valuation: X: 519 ZUP

------------------ 
Current Iteration: 1
Turn: 0
message: I am offering my resource X in exchange for 50 ZUP. This ensures I cover my production costs and make a profit.
player answer: PROPOSAL
newly proposed trade: Player RED Gives X: 1 | Player BLUE Gives ZUP: 50
my resources: X: 1
my goals: Sell resources for ZUP. It costed X: 38 ZUP to produce the resources
reason: I want to sell my resource X for a price that covers my production cost and provides a profit margin. Therefore, I will start by proposing a trade where Player BLUE gives 50 ZUP for my resource X, allowing me to make a reasonable profit over my production cost.
proposal count: 1

Current Iteration: 2
Turn: 1
message: I am willing to pay 50 ZUP for X.
player answer: PROPOSAL
newly proposed trade: Player RED Gives X: 1 | Player BLUE Gives ZUP: 50
my resources: ZUP: 1000
my goals: Buy resources with <ZUP>. You are willing to pay at most X: 519 ZUP for the resources.
reason: 
The other player is asking for 50 ZUP, which is well within my budget of 519 ZUP. I should propose a trade.

proposal count: 1

Current Iteration: 3
Turn: 0
message: I accept the trade. We can proceed with the exchange of X for 50 ZUP.
player answer: ACCEPT
newly proposed trade: NONE
my resources: X: 1
my goals: Sell resources for ZUP. It costed X: 38 ZUP to produce the resources
reason: Player BLUE is willing to pay 50 ZUP, which matches my proposal. This amount covers my production cost and provides a profit. Therefore, I will accept this trade.
proposal count: 1

------------------ 
Current Iteration: END
Turn: None
player_goals: [Sell resources for <ZUP>. It costed X: 38 ZUP to produce the resources, Buy resources with <ZUP>. You are willing to pay at most X: 519 ZUP for the resources.]
initial_resources: [Resources(resource_dict={'X': 1}), Resources(resource_dict={'ZUP': 1000})]
proposed_trade: Player RED Gives X: 1 | Player BLUE Gives ZUP: 50
player_valuation: [{'X': 38}, {'X': 519}]
final_response: ACCEPT
final_resources: [Resources(resource_dict={'X': 0, 'ZUP': 50}), Resources(resource_dict={'ZUP': 950, 'X': 1})]
player_outcome: [12, 469]