Game Settings

Player 1 Settings:
	player_goals: Sell resources for <ZUP>. It costed X: 30 ZUP to produce the resources
	player_initial_resources: X: 1
	player_social_behaviour: 
	player_roles: You are Player RED.
	player_valuation: X: 30 ZUP

Player 2 Settings:
	player_goals: Buy resources with <ZUP>. You are willing to pay at most X: 520 ZUP for the resources.
	player_initial_resources: ZUP: 1000
	player_social_behaviour: You are completely self interested.
	player_roles: You are Player BLUE.
	player_valuation: X: 520 ZUP

------------------ 
Current Iteration: 1
Turn: 0
message: I am proposing a trade where you give me 50 ZUP for 1 X. This covers my production cost and allows for a reasonable profit.
player answer: PROPOSAL
newly proposed trade: Player RED Gives X: 1 | Player BLUE Gives ZUP: 50
my resources: X: 1
my goals: Sell resources for <ZUP>. It costed X: 30 ZUP to produce the resources
reason: To ensure a profitable transaction, I need to propose a trade that covers the production cost of 30 ZUP and provides additional profit.
proposal count: 1

Current Iteration: 2
Turn: 1
message: This offer is very favorable, and I am happy to accept it.
player answer: ACCEPT
newly proposed trade: NONE
my resources: ZUP: 1000
my goals: Buy resources with <ZUP>. You are willing to pay at most X: 520 ZUP for the resources.
reason: The proposed trade is to buy 1 X for 50 ZUP. My maximum willingness to pay for X is 520 ZUP. This offer is significantly below my maximum willingness to pay, making it an excellent deal for me. I have sufficient ZUP to complete the purchase. Therefore, I will accept this trade.
proposal count: 0

------------------ 
Current Iteration: END
Turn: None
player_goals: [Sell resources for <ZUP>. It costed X: 30 ZUP to produce the resources, Buy resources with <ZUP>. You are willing to pay at most X: 520 ZUP for the resources.]
initial_resources: [Resources(resource_dict={'X': 1}), Resources(resource_dict={'ZUP': 1000})]
proposed_trade: Player RED Gives X: 1 | Player BLUE Gives ZUP: 50
player_valuation: [{'X': 30}, {'X': 520}]
final_response: ACCEPT
final_resources: [Resources(resource_dict={'X': 0, 'ZUP': 50}), Resources(resource_dict={'ZUP': 950, 'X': 1})]
player_outcome: [20, 470]