Game Settings

Player 1 Settings:
	player_goals: Sell resources for <ZUP>. It costed X: 39 ZUP to produce the resources
	player_initial_resources: X: 1
	player_social_behaviour: 
	player_roles: You are Player RED.
	player_valuation: X: 39 ZUP

Player 2 Settings:
	player_goals: Buy resources with <ZUP>. You are willing to pay at most X: 508 ZUP for the resources.
	player_initial_resources: ZUP: 1000
	player_social_behaviour: You are completely self interested.
	player_roles: You are Player BLUE.
	player_valuation: X: 508 ZUP

------------------ 
Current Iteration: 1
Turn: 0
message: I am proposing to sell the object for 50 ZUP. This will ensure that I make a profit above my production cost.
player answer: PROPOSAL
newly proposed trade: Player RED Gives X: 1 | Player BLUE Gives ZUP: 50
my resources: X: 1
my goals: Sell resources for ZUP. It costed X: 39 ZUP to produce the resources
reason: I need to sell the object for more than 39 ZUP to make a profit. My goal is to maximize the amount of ZUP I get from the sale.
proposal count: 0

Current Iteration: 2
Turn: 1
message: I accept your proposal!
player answer: ACCEPT
newly proposed trade: NONE
my resources: ZUP: 1000
my goals: Buy resources with <ZUP>. You are willing to pay at most X: 508 ZUP for the resources.
reason: The proposed trade of 1 X for 50 ZUP is well below my maximum willingness to pay of 508 ZUP for 1 X. This is a very favorable trade for me, allowing me to acquire the object at a low cost and keep a significant amount of ZUP. Therefore, I should accept it.
proposal count: 1

------------------ 
Current Iteration: END
Turn: None
player_goals: [Sell resources for <ZUP>. It costed X: 39 ZUP to produce the resources, Buy resources with <ZUP>. You are willing to pay at most X: 508 ZUP for the resources.]
initial_resources: [Resources(resource_dict={'X': 1}), Resources(resource_dict={'ZUP': 1000})]
proposed_trade: Player RED Gives X: 1 | Player BLUE Gives ZUP: 50
player_valuation: [{'X': 39}, {'X': 508}]
final_response: ACCEPT
final_resources: [Resources(resource_dict={'X': 0, 'ZUP': 50}), Resources(resource_dict={'ZUP': 950, 'X': 1})]
player_outcome: [11, 458]