Game Settings

Player 1 Settings:
	player_goals: Sell resources for <ZUP>. It costed X: 34 ZUP to produce the resources
	player_initial_resources: X: 1
	player_social_behaviour: 
	player_roles: You are Player RED.
	player_valuation: X: 34 ZUP

Player 2 Settings:
	player_goals: Buy resources with <ZUP>. You are willing to pay at most X: 500 ZUP for the resources.
	player_initial_resources: ZUP: 1000
	player_social_behaviour: You are completely self interested.
	player_roles: You are Player BLUE.
	player_valuation: X: 500 ZUP

------------------ 
Current Iteration: 1
Turn: 0
message: I am willing to sell the object X for 50 ZUP. This covers my production cost and provides some profit.
player answer: PROPOSAL
newly proposed trade: Player RED Gives X: 1 | Player BLUE Gives ZUP: 50
my resources: X: 1
my goals: Sell resources for ZUP. It costed X: 34 ZUP to produce the resources
reason: I need to make sure that I sell the resource for at least 34 ZUP to cover my costs. Ideally, I want to make a profit, so I will aim to propose a trade higher than 34 ZUP initially.
proposal count: 0

Current Iteration: 2
Turn: 1
message: I accept your offer.
player answer: ACCEPT
newly proposed trade: NONE
my resources: ZUP: 1000
my goals: Buy resources with <ZUP>. You are willing to pay at most X: 500 ZUP for the resources.
reason: The proposed price of 50 ZUP for X is significantly lower than my maximum willingness to pay of 500 ZUP. This is an excellent deal, so I should accept it immediately.
proposal count: 0

------------------ 
Current Iteration: END
Turn: None
player_goals: [Sell resources for <ZUP>. It costed X: 34 ZUP to produce the resources, Buy resources with <ZUP>. You are willing to pay at most X: 500 ZUP for the resources.]
initial_resources: [Resources(resource_dict={'X': 1}), Resources(resource_dict={'ZUP': 1000})]
proposed_trade: Player RED Gives X: 1 | Player BLUE Gives ZUP: 50
player_valuation: [{'X': 34}, {'X': 500}]
final_response: ACCEPT
final_resources: [Resources(resource_dict={'X': 0, 'ZUP': 50}), Resources(resource_dict={'ZUP': 950, 'X': 1})]
player_outcome: [16, 450]