Game Settings

Player 1 Settings:
	player_goals: Sell resources for <ZUP>. It costed X: 34 ZUP to produce the resources
	player_initial_resources: X: 1
	player_social_behaviour: 
	player_roles: You are Player RED.
	player_valuation: X: 34 ZUP

Player 2 Settings:
	player_goals: Buy resources with <ZUP>. You are willing to pay at most X: 519 ZUP for the resources.
	player_initial_resources: ZUP: 1000
	player_social_behaviour: You are completely self interested.
	player_roles: You are Player BLUE.
	player_valuation: X: 519 ZUP

------------------ 
Current Iteration: 1
Turn: 0
message: I am proposing a trade where Player BLUE gives 50 ZUP for the resource X. This ensures I cover my production costs and gain some profit.
player answer: PROPOSAL
newly proposed trade: Player RED Gives X: 1 | Player BLUE Gives ZUP: 50
my resources: X: 1
my goals: Sell resources for ZUP. It costed X: 34 ZUP to produce the resources
reason: I want to ensure that I sell the resource for at least 34 ZUP to cover my production costs. Ideally, I would like to make a profit, so I will propose a trade that is slightly higher than my cost price.
proposal count: 1

Current Iteration: 2
Turn: 1
message: I accept your proposal. This is a good deal for me.
player answer: ACCEPT
newly proposed trade: NONE
my resources: ZUP: 1000
my goals: Buy resources with <ZUP>. You are willing to pay at most X: 519 ZUP for the resources.
reason: The proposed trade is to give 50 ZUP for 1 X. My maximum willingness to pay for X is 519 ZUP. This trade is highly favorable to me as it is significantly below my maximum price. I should accept it to secure the resource at a good price.
proposal count: 0

------------------ 
Current Iteration: END
Turn: None
player_goals: [Sell resources for <ZUP>. It costed X: 34 ZUP to produce the resources, Buy resources with <ZUP>. You are willing to pay at most X: 519 ZUP for the resources.]
initial_resources: [Resources(resource_dict={'X': 1}), Resources(resource_dict={'ZUP': 1000})]
proposed_trade: Player RED Gives X: 1 | Player BLUE Gives ZUP: 50
player_valuation: [{'X': 34}, {'X': 519}]
final_response: ACCEPT
final_resources: [Resources(resource_dict={'X': 0, 'ZUP': 50}), Resources(resource_dict={'ZUP': 950, 'X': 1})]
player_outcome: [16, 469]