Game Settings

Player 1 Settings:
	player_goals: Sell resources for <ZUP>. It costed X: 28 ZUP to produce the resources
	player_initial_resources: X: 1
	player_social_behaviour: 
	player_roles: You are Player RED.
	player_valuation: X: 28 ZUP

Player 2 Settings:
	player_goals: Buy resources with <ZUP>. You are willing to pay at most X: 517 ZUP for the resources.
	player_initial_resources: ZUP: 1000
	player_social_behaviour: You are completely self interested.
	player_roles: You are Player BLUE.
	player_valuation: X: 517 ZUP

------------------ 
Current Iteration: 1
Turn: 0
message: I am offering the object for 35 ZUP, which is slightly above my production cost to ensure a small profit.
player answer: PROPOSAL
newly proposed trade: Player RED Gives X: 1 | Player BLUE Gives ZUP: 35
my resources: X: 1
my goals: Sell resources for ZUP. It costed X: 28 ZUP to produce the resources
reason: I want to sell my object at a price higher than the production cost to make a profit. I will propose a trade where Player BLUE gives me more than 28 ZUP.
proposal count: 1

Current Iteration: 2
Turn: 1
message: I accept your offer of 35 ZUP for the object.
player answer: PROPOSAL
newly proposed trade: Player RED Gives X: 1 | Player BLUE Gives ZUP: 35
my resources: ZUP: 1000
my goals: Buy resources with <ZUP>. You are willing to pay at most X: 517 ZUP for the resources.
reason: 
The offer is significantly below my maximum willingness to pay (517 ZUP). I have plenty of ZUP and I can afford to buy the object. I will propose a counteroffer.

proposal count: 1

Current Iteration: 3
Turn: 0
message: Thank you for accepting the trade. I am glad we could reach an agreement.
player answer: ACCEPT
newly proposed trade: NONE
my resources: X: 1
my goals: Sell resources for ZUP. It costed X: 28 ZUP to produce the resources
reason: Player BLUE has accepted my proposal of selling the object for 35 ZUP. This is a profitable trade for me as it covers the production cost with a surplus.
proposal count: 1

------------------ 
Current Iteration: END
Turn: None
player_goals: [Sell resources for <ZUP>. It costed X: 28 ZUP to produce the resources, Buy resources with <ZUP>. You are willing to pay at most X: 517 ZUP for the resources.]
initial_resources: [Resources(resource_dict={'X': 1}), Resources(resource_dict={'ZUP': 1000})]
proposed_trade: Player RED Gives X: 1 | Player BLUE Gives ZUP: 35
player_valuation: [{'X': 28}, {'X': 517}]
final_response: ACCEPT
final_resources: [Resources(resource_dict={'X': 0, 'ZUP': 35}), Resources(resource_dict={'ZUP': 965, 'X': 1})]
player_outcome: [7, 482]